
Memory Configuration

Name             Origin             Length             Attributes
flash            0x08000000         0x00020000         xr
sram             0x20000000         0x00005000         xrw
*default*        0x00000000         0xffffffff

Linker script and memory map


.text           0x08000000      0x133
 *(.vectors*)
 .vectors       0x08000000       0x20 startup.o
                0x08000000                vectors
 *(.text*)
 .text          0x08000020       0x80 main.o
                0x08000020                main
 .text          0x080000a0       0x90 startup.o
                0x080000a0                MM_Fault
                0x080000a0                Bus_Fault
                0x080000a0                Default_Handler
                0x080000a0                Usage_Fault
                0x080000a0                Hard_Fault_Handler
                0x080000a0                NMI_Handler
                0x080000ac                Reset_Handler
 *(.rodata)
 .rodata        0x08000130        0x3 main.o
                0x08000130                g_var_two
                0x08000133                _E_text = .

.glue_7         0x08000134        0x0
 .glue_7        0x08000134        0x0 linker stubs

.glue_7t        0x08000134        0x0
 .glue_7t       0x08000134        0x0 linker stubs

.vfp11_veneer   0x08000134        0x0
 .vfp11_veneer  0x08000134        0x0 linker stubs

.v4_bx          0x08000134        0x0
 .v4_bx         0x08000134        0x0 linker stubs

.iplt           0x08000134        0x0
 .iplt          0x08000134        0x0 main.o

.rel.dyn        0x08000134        0x0
 .rel.iplt      0x08000134        0x0 main.o

.data           0x20000000        0x8 load address 0x08000133
                0x20000000                _S_DATA = .
 *(.data)
 .data          0x20000000        0x7 main.o
                0x20000000                R_ODR
                0x20000004                g_var
 .data          0x20000007        0x0 startup.o
                0x20000008                . = ALIGN (0x4)
 *fill*         0x20000007        0x1 
                0x20000008                _E_DATA = .

.igot.plt       0x20000008        0x0 load address 0x0800013b
 .igot.plt      0x20000008        0x0 main.o

.bss            0x20000008     0x1000 load address 0x0800013b
                0x20000008                _S_bss = .
 *(.bss*)
 .bss           0x20000008        0x0 main.o
 .bss           0x20000008        0x0 startup.o
                0x20000008                . = ALIGN (0x4)
                0x20000008                _E_bss = .
                0x20000008                . = ALIGN (0x4)
                0x20001008                . = (. + 0x1000)
 *fill*         0x20000008     0x1000 
                0x20001008                _stack_top = .
LOAD main.o
LOAD startup.o
OUTPUT(learn_in_depth_cortex_m3.elf elf32-littlearm)

.debug_info     0x00000000      0x30a
 .debug_info    0x00000000      0x179 main.o
 .debug_info    0x00000179      0x191 startup.o

.debug_abbrev   0x00000000      0x1bb
 .debug_abbrev  0x00000000       0xe3 main.o
 .debug_abbrev  0x000000e3       0xd8 startup.o

.debug_loc      0x00000000       0xb4
 .debug_loc     0x00000000       0x38 main.o
 .debug_loc     0x00000038       0x7c startup.o

.debug_aranges  0x00000000       0x40
 .debug_aranges
                0x00000000       0x20 main.o
 .debug_aranges
                0x00000020       0x20 startup.o

.debug_line     0x00000000      0x242
 .debug_line    0x00000000      0x118 main.o
 .debug_line    0x00000118      0x12a startup.o

.debug_str      0x00000000      0x1d1
 .debug_str     0x00000000      0x151 main.o
                                0x18e (size before relaxing)
 .debug_str     0x00000151       0x80 startup.o
                                0x1c1 (size before relaxing)

.comment        0x00000000       0x7e
 .comment       0x00000000       0x7e main.o
                                 0x7f (size before relaxing)
 .comment       0x0000007e       0x7f startup.o

.ARM.attributes
                0x00000000       0x33
 .ARM.attributes
                0x00000000       0x33 main.o
 .ARM.attributes
                0x00000033       0x33 startup.o

.debug_frame    0x00000000       0x7c
 .debug_frame   0x00000000       0x2c main.o
 .debug_frame   0x0000002c       0x50 startup.o
