Archive member included to satisfy reference by file (symbol)

c:/program files (x86)/stm32cubeide_1.4.0/stm32cubeide/plugins/com.st.stm32cube.ide.mcu.externaltools.gnu-tools-for-stm32.7-2018-q2-update.win32_1.4.0.202007081208/tools/bin/../lib/gcc/arm-none-eabi/7.3.1/../../../../arm-none-eabi/lib/thumb/v7-m\libc_nano.a(lib_a-errno.o)
                              Src/syscalls.o (__errno)
c:/program files (x86)/stm32cubeide_1.4.0/stm32cubeide/plugins/com.st.stm32cube.ide.mcu.externaltools.gnu-tools-for-stm32.7-2018-q2-update.win32_1.4.0.202007081208/tools/bin/../lib/gcc/arm-none-eabi/7.3.1/../../../../arm-none-eabi/lib/thumb/v7-m\libc_nano.a(lib_a-exit.o)
                              c:/program files (x86)/stm32cubeide_1.4.0/stm32cubeide/plugins/com.st.stm32cube.ide.mcu.externaltools.gnu-tools-for-stm32.7-2018-q2-update.win32_1.4.0.202007081208/tools/bin/../lib/gcc/arm-none-eabi/7.3.1/../../../../arm-none-eabi/lib/thumb/v7-m/crt0.o (exit)
c:/program files (x86)/stm32cubeide_1.4.0/stm32cubeide/plugins/com.st.stm32cube.ide.mcu.externaltools.gnu-tools-for-stm32.7-2018-q2-update.win32_1.4.0.202007081208/tools/bin/../lib/gcc/arm-none-eabi/7.3.1/../../../../arm-none-eabi/lib/thumb/v7-m\libc_nano.a(lib_a-impure.o)
                              c:/program files (x86)/stm32cubeide_1.4.0/stm32cubeide/plugins/com.st.stm32cube.ide.mcu.externaltools.gnu-tools-for-stm32.7-2018-q2-update.win32_1.4.0.202007081208/tools/bin/../lib/gcc/arm-none-eabi/7.3.1/../../../../arm-none-eabi/lib/thumb/v7-m\libc_nano.a(lib_a-exit.o) (_global_impure_ptr)
c:/program files (x86)/stm32cubeide_1.4.0/stm32cubeide/plugins/com.st.stm32cube.ide.mcu.externaltools.gnu-tools-for-stm32.7-2018-q2-update.win32_1.4.0.202007081208/tools/bin/../lib/gcc/arm-none-eabi/7.3.1/../../../../arm-none-eabi/lib/thumb/v7-m\libc_nano.a(lib_a-init.o)
                              c:/program files (x86)/stm32cubeide_1.4.0/stm32cubeide/plugins/com.st.stm32cube.ide.mcu.externaltools.gnu-tools-for-stm32.7-2018-q2-update.win32_1.4.0.202007081208/tools/bin/../lib/gcc/arm-none-eabi/7.3.1/../../../../arm-none-eabi/lib/thumb/v7-m/crt0.o (__libc_init_array)
c:/program files (x86)/stm32cubeide_1.4.0/stm32cubeide/plugins/com.st.stm32cube.ide.mcu.externaltools.gnu-tools-for-stm32.7-2018-q2-update.win32_1.4.0.202007081208/tools/bin/../lib/gcc/arm-none-eabi/7.3.1/../../../../arm-none-eabi/lib/thumb/v7-m\libc_nano.a(lib_a-memset.o)
                              c:/program files (x86)/stm32cubeide_1.4.0/stm32cubeide/plugins/com.st.stm32cube.ide.mcu.externaltools.gnu-tools-for-stm32.7-2018-q2-update.win32_1.4.0.202007081208/tools/bin/../lib/gcc/arm-none-eabi/7.3.1/../../../../arm-none-eabi/lib/thumb/v7-m/crt0.o (memset)

Allocating common symbols
Common symbol       size              file

Global_SPI_Congig2  0x18              STM32_103C6_Drivers/SPI_DRIVER_STM32F103C6.o
PinCfg              0x4               HAL/lcd.o
Global_SPI_Congig1  0x18              STM32_103C6_Drivers/SPI_DRIVER_STM32F103C6.o
GP_IRQ_CallBack     0x3c              STM32_103C6_Drivers/EXTI_DRIVER_STM32F103C6.o

Discarded input sections

 .text          0x0000000000000000        0x0 c:/program files (x86)/stm32cubeide_1.4.0/stm32cubeide/plugins/com.st.stm32cube.ide.mcu.externaltools.gnu-tools-for-stm32.7-2018-q2-update.win32_1.4.0.202007081208/tools/bin/../lib/gcc/arm-none-eabi/7.3.1/thumb/v7-m/crti.o
 .data          0x0000000000000000        0x0 c:/program files (x86)/stm32cubeide_1.4.0/stm32cubeide/plugins/com.st.stm32cube.ide.mcu.externaltools.gnu-tools-for-stm32.7-2018-q2-update.win32_1.4.0.202007081208/tools/bin/../lib/gcc/arm-none-eabi/7.3.1/thumb/v7-m/crti.o
 .bss           0x0000000000000000        0x0 c:/program files (x86)/stm32cubeide_1.4.0/stm32cubeide/plugins/com.st.stm32cube.ide.mcu.externaltools.gnu-tools-for-stm32.7-2018-q2-update.win32_1.4.0.202007081208/tools/bin/../lib/gcc/arm-none-eabi/7.3.1/thumb/v7-m/crti.o
 .data          0x0000000000000000        0x4 c:/program files (x86)/stm32cubeide_1.4.0/stm32cubeide/plugins/com.st.stm32cube.ide.mcu.externaltools.gnu-tools-for-stm32.7-2018-q2-update.win32_1.4.0.202007081208/tools/bin/../lib/gcc/arm-none-eabi/7.3.1/thumb/v7-m/crtbegin.o
 .text          0x0000000000000000       0x74 c:/program files (x86)/stm32cubeide_1.4.0/stm32cubeide/plugins/com.st.stm32cube.ide.mcu.externaltools.gnu-tools-for-stm32.7-2018-q2-update.win32_1.4.0.202007081208/tools/bin/../lib/gcc/arm-none-eabi/7.3.1/../../../../arm-none-eabi/lib/thumb/v7-m/crt0.o
 .data          0x0000000000000000        0x0 c:/program files (x86)/stm32cubeide_1.4.0/stm32cubeide/plugins/com.st.stm32cube.ide.mcu.externaltools.gnu-tools-for-stm32.7-2018-q2-update.win32_1.4.0.202007081208/tools/bin/../lib/gcc/arm-none-eabi/7.3.1/../../../../arm-none-eabi/lib/thumb/v7-m/crt0.o
[...]
Memory Configuration

Name             Origin             Length             Attributes
RAM              0x0000000020000000 0x0000000000002800 xrw
ROM              0x0000000008000000 0x0000000000008000 xr
*default*        0x0000000000000000 0xffffffffffffffff

Linker script and memory map

LOAD c:/program files (x86)/stm32cubeide_1.4.0/stm32cubeide/plugins/com.st.stm32cube.ide.mcu.externaltools.gnu-tools-for-stm32.7-2018-q2-update.win32_1.4.0.202007081208/tools/bin/../lib/gcc/arm-none-eabi/7.3.1/thumb/v7-m/crti.o
LOAD c:/program files (x86)/stm32cubeide_1.4.0/stm32cubeide/plugins/com.st.stm32cube.ide.mcu.externaltools.gnu-tools-for-stm32.7-2018-q2-update.win32_1.4.0.202007081208/tools/bin/../lib/gcc/arm-none-eabi/7.3.1/thumb/v7-m/crtbegin.o
LOAD c:/program files (x86)/stm32cubeide_1.4.0/stm32cubeide/plugins/com.st.stm32cube.ide.mcu.externaltools.gnu-tools-for-stm32.7-2018-q2-update.win32_1.4.0.202007081208/tools/bin/../lib/gcc/arm-none-eabi/7.3.1/../../../../arm-none-eabi/lib/thumb/v7-m/crt0.o
LOAD HAL/I2C_Slave_EEPROM.o
LOAD HAL/keypad.o
LOAD HAL/lcd.o
LOAD STM32_103C6_Drivers/EXTI_DRIVER_STM32F103C6.o
LOAD STM32_103C6_Drivers/GPIO_DRIVER_STM32F103C6.o
LOAD STM32_103C6_Drivers/I2C_DRIVER_STM32F103C6.o
LOAD STM32_103C6_Drivers/RCC_DRIVER_STM32F103C6.o
LOAD STM32_103C6_Drivers/SPI_DRIVER_STM32F103C6.o
LOAD STM32_103C6_Drivers/USART_DRIVER_STM32F103C6.o
LOAD Src/main.o
LOAD Src/syscalls.o
LOAD Src/sysmem.o
LOAD Startup/startup_stm32f103c6tx.o
START GROUP
LOAD c:/program files (x86)/stm32cubeide_1.4.0/stm32cubeide/plugins/com.st.stm32cube.ide.mcu.externaltools.gnu-tools-for-stm32.7-2018-q2-update.win32_1.4.0.202007081208/tools/bin/../lib/gcc/arm-none-eabi/7.3.1/../../../../arm-none-eabi/lib/thumb/v7-m\libc_nano.a
LOAD c:/program files (x86)/stm32cubeide_1.4.0/stm32cubeide/plugins/com.st.stm32cube.ide.mcu.externaltools.gnu-tools-for-stm32.7-2018-q2-update.win32_1.4.0.202007081208/tools/bin/../lib/gcc/arm-none-eabi/7.3.1/../../../../arm-none-eabi/lib/thumb/v7-m\libm.a
END GROUP
START GROUP
LOAD c:/program files (x86)/stm32cubeide_1.4.0/stm32cubeide/plugins/com.st.stm32cube.ide.mcu.externaltools.gnu-tools-for-stm32.7-2018-q2-update.win32_1.4.0.202007081208/tools/bin/../lib/gcc/arm-none-eabi/7.3.1/thumb/v7-m\libgcc.a
LOAD c:/program files (x86)/stm32cubeide_1.4.0/stm32cubeide/plugins/com.st.stm32cube.ide.mcu.externaltools.gnu-tools-for-stm32.7-2018-q2-update.win32_1.4.0.202007081208/tools/bin/../lib/gcc/arm-none-eabi/7.3.1/../../../../arm-none-eabi/lib/thumb/v7-m\libg_nano.a
LOAD c:/program files (x86)/stm32cubeide_1.4.0/stm32cubeide/plugins/com.st.stm32cube.ide.mcu.externaltools.gnu-tools-for-stm32.7-2018-q2-update.win32_1.4.0.202007081208/tools/bin/../lib/gcc/arm-none-eabi/7.3.1/../../../../arm-none-eabi/lib/thumb/v7-m\libc_nano.a
END GROUP
START GROUP
LOAD c:/program files (x86)/stm32cubeide_1.4.0/stm32cubeide/plugins/com.st.stm32cube.ide.mcu.externaltools.gnu-tools-for-stm32.7-2018-q2-update.win32_1.4.0.202007081208/tools/bin/../lib/gcc/arm-none-eabi/7.3.1/thumb/v7-m\libgcc.a
LOAD c:/program files (x86)/stm32cubeide_1.4.0/stm32cubeide/plugins/com.st.stm32cube.ide.mcu.externaltools.gnu-tools-for-stm32.7-2018-q2-update.win32_1.4.0.202007081208/tools/bin/../lib/gcc/arm-none-eabi/7.3.1/../../../../arm-none-eabi/lib/thumb/v7-m\libc_nano.a
LOAD c:/program files (x86)/stm32cubeide_1.4.0/stm32cubeide/plugins/com.st.stm32cube.ide.mcu.externaltools.gnu-tools-for-stm32.7-2018-q2-update.win32_1.4.0.202007081208/tools/bin/../lib/gcc/arm-none-eabi/7.3.1/../../../../arm-none-eabi/lib/thumb/v7-m\libnosys.a
END GROUP
START GROUP
LOAD c:/program files (x86)/stm32cubeide_1.4.0/stm32cubeide/plugins/com.st.stm32cube.ide.mcu.externaltools.gnu-tools-for-stm32.7-2018-q2-update.win32_1.4.0.202007081208/tools/bin/../lib/gcc/arm-none-eabi/7.3.1/thumb/v7-m\libgcc.a
LOAD c:/program files (x86)/stm32cubeide_1.4.0/stm32cubeide/plugins/com.st.stm32cube.ide.mcu.externaltools.gnu-tools-for-stm32.7-2018-q2-update.win32_1.4.0.202007081208/tools/bin/../lib/gcc/arm-none-eabi/7.3.1/../../../../arm-none-eabi/lib/thumb/v7-m\libc_nano.a
LOAD c:/program files (x86)/stm32cubeide_1.4.0/stm32cubeide/plugins/com.st.stm32cube.ide.mcu.externaltools.gnu-tools-for-stm32.7-2018-q2-update.win32_1.4.0.202007081208/tools/bin/../lib/gcc/arm-none-eabi/7.3.1/../../../../arm-none-eabi/lib/thumb/v7-m\libnosys.a
END GROUP
LOAD c:/program files (x86)/stm32cubeide_1.4.0/stm32cubeide/plugins/com.st.stm32cube.ide.mcu.externaltools.gnu-tools-for-stm32.7-2018-q2-update.win32_1.4.0.202007081208/tools/bin/../lib/gcc/arm-none-eabi/7.3.1/thumb/v7-m/crtend.o
LOAD c:/program files (x86)/stm32cubeide_1.4.0/stm32cubeide/plugins/com.st.stm32cube.ide.mcu.externaltools.gnu-tools-for-stm32.7-2018-q2-update.win32_1.4.0.202007081208/tools/bin/../lib/gcc/arm-none-eabi/7.3.1/thumb/v7-m/crtn.o
                0x0000000020002800                _estack = (ORIGIN (RAM) + LENGTH (RAM))
                0x0000000000000200                _Min_Heap_Size = 0x200
                0x0000000000000400                _Min_Stack_Size = 0x400

.isr_vector     0x0000000008000000      0x130
                0x0000000008000000                . = ALIGN (0x4)
 *(.isr_vector)
 .isr_vector    0x0000000008000000      0x130 Startup/startup_stm32f103c6tx.o
                0x0000000008000000                g_pfnVectors
                0x0000000008000130                . = ALIGN (0x4)

.text           0x0000000008000130      0xef4
                0x0000000008000130                . = ALIGN (0x4)
 *(.text)
 .text          0x0000000008000130       0x40 c:/program files (x86)/stm32cubeide_1.4.0/stm32cubeide/plugins/com.st.stm32cube.ide.mcu.externaltools.gnu-tools-for-stm32.7-2018-q2-update.win32_1.4.0.202007081208/tools/bin/../lib/gcc/arm-none-eabi/7.3.1/thumb/v7-m/crtbegin.o
 *(.text*)
 .text.EEPROM_Init
                0x0000000008000170       0x40 HAL/I2C_Slave_EEPROM.o
                0x0000000008000170                EEPROM_Init
 .text.EEPROM_Write_NBytes
                0x00000000080001b0       0xa4 HAL/I2C_Slave_EEPROM.o
                0x00000000080001b0                EEPROM_Write_NBytes
 .text.EEPROM_Read_Byte
                0x0000000008000254       0x58 HAL/I2C_Slave_EEPROM.o
                0x0000000008000254                EEPROM_Read_Byte
 .text.EXTI0_IRQHandler
                0x00000000080002ac       0x24 STM32_103C6_Drivers/EXTI_DRIVER_STM32F103C6.o
                0x00000000080002ac                EXTI0_IRQHandler
 .text.EXTI1_IRQHandler
                0x00000000080002d0       0x24 STM32_103C6_Drivers/EXTI_DRIVER_STM32F103C6.o
                0x00000000080002d0                EXTI1_IRQHandler
 .text.EXTI2_IRQHandler
                0x00000000080002f4       0x24 STM32_103C6_Drivers/EXTI_DRIVER_STM32F103C6.o
                0x00000000080002f4                EXTI2_IRQHandler
 .text.EXTI3_IRQHandler
                0x0000000008000318       0x24 STM32_103C6_Drivers/EXTI_DRIVER_STM32F103C6.o
                0x0000000008000318                EXTI3_IRQHandler
 .text.EXTI4_IRQHandler
                0x000000000800033c       0x24 STM32_103C6_Drivers/EXTI_DRIVER_STM32F103C6.o
                0x000000000800033c                EXTI4_IRQHandler
 .text.EXTI9_5_IRQHandler
                0x0000000008000360       0xa8 STM32_103C6_Drivers/EXTI_DRIVER_STM32F103C6.o
                0x0000000008000360                EXTI9_5_IRQHandler
 .text.EXTI15_10_IRQHandler
                0x0000000008000408       0xc4 STM32_103C6_Drivers/EXTI_DRIVER_STM32F103C6.o
                0x0000000008000408                EXTI15_10_IRQHandler
 .text.Get_CRLH_Position
                0x00000000080004cc       0xc6 STM32_103C6_Drivers/GPIO_DRIVER_STM32F103C6.o
                0x00000000080004cc                Get_CRLH_Position
 .text.MCAL_GPIO_Init
                0x0000000008000592      0x154 STM32_103C6_Drivers/GPIO_DRIVER_STM32F103C6.o
                0x0000000008000592                MCAL_GPIO_Init
 *fill*         0x00000000080006e6        0x2 
 .text.MCAL_I2C_Init
                0x00000000080006e8      0x214 STM32_103C6_Drivers/I2C_DRIVER_STM32F103C6.o
                0x00000000080006e8                MCAL_I2C_Init
 .text.MCAL_I2C_GPIO_Set_Pins
                0x00000000080008fc       0x94 STM32_103C6_Drivers/I2C_DRIVER_STM32F103C6.o
                0x00000000080008fc                MCAL_I2C_GPIO_Set_Pins
 .text.MCAL_I2C_Master_Receive_Data_RX
                0x0000000008000990       0xe0 STM32_103C6_Drivers/I2C_DRIVER_STM32F103C6.o
                0x0000000008000990                MCAL_I2C_Master_Receive_Data_RX
 .text.I2C_AcknowledgeConfig
                0x0000000008000a70       0x36 STM32_103C6_Drivers/I2C_DRIVER_STM32F103C6.o
                0x0000000008000a70                I2C_AcknowledgeConfig
 *fill*         0x0000000008000aa6        0x2 
 .text.MCAL_I2C_Master_Send_Data_TX
                0x0000000008000aa8       0xac STM32_103C6_Drivers/I2C_DRIVER_STM32F103C6.o
                0x0000000008000aa8                MCAL_I2C_Master_Send_Data_TX
 .text.I2C_Generate_Start
                0x0000000008000b54       0x4e STM32_103C6_Drivers/I2C_DRIVER_STM32F103C6.o
                0x0000000008000b54                I2C_Generate_Start
 .text.I2C_Send_Address
                0x0000000008000ba2       0x3e STM32_103C6_Drivers/I2C_DRIVER_STM32F103C6.o
                0x0000000008000ba2                I2C_Send_Address
 .text.I2C_Generate_Stop
                0x0000000008000be0       0x36 STM32_103C6_Drivers/I2C_DRIVER_STM32F103C6.o
                0x0000000008000be0                I2C_Generate_Stop
 *fill*         0x0000000008000c16        0x2 
 .text.I2C_Get_Flag_Status
                0x0000000008000c18       0xf8 STM32_103C6_Drivers/I2C_DRIVER_STM32F103C6.o
                0x0000000008000c18                I2C_Get_Flag_Status
 .text.I2C1_EV_IRQHandler
                0x0000000008000d10        0xc STM32_103C6_Drivers/I2C_DRIVER_STM32F103C6.o
                0x0000000008000d10                I2C1_EV_IRQHandler
 .text.I2C1_ER_IRQHandler
                0x0000000008000d1c        0xc STM32_103C6_Drivers/I2C_DRIVER_STM32F103C6.o
                0x0000000008000d1c                I2C1_ER_IRQHandler
 .text.I2C2_EV_IRQHandler
                0x0000000008000d28        0xc STM32_103C6_Drivers/I2C_DRIVER_STM32F103C6.o
                0x0000000008000d28                I2C2_EV_IRQHandler
 .text.I2C2_ER_IRQHandler
                0x0000000008000d34        0xc STM32_103C6_Drivers/I2C_DRIVER_STM32F103C6.o
                0x0000000008000d34                I2C2_ER_IRQHandler
 .text.MCAL_RCC_Get_System_CLK_Frequency
                0x0000000008000d40       0x3c STM32_103C6_Drivers/RCC_DRIVER_STM32F103C6.o
                0x0000000008000d40                MCAL_RCC_Get_System_CLK_Frequency
 .text.MCAL_RCC_Get_HCLK_Frequency
                0x0000000008000d7c       0x28 STM32_103C6_Drivers/RCC_DRIVER_STM32F103C6.o
                0x0000000008000d7c                MCAL_RCC_Get_HCLK_Frequency
 .text.MCAL_RCC_Get_PCLK1_Frequency
                0x0000000008000da4       0x28 STM32_103C6_Drivers/RCC_DRIVER_STM32F103C6.o
                0x0000000008000da4                MCAL_RCC_Get_PCLK1_Frequency
 .text.SPI1_IRQHandler
                0x0000000008000dcc       0x5c STM32_103C6_Drivers/SPI_DRIVER_STM32F103C6.o
                0x0000000008000dcc                SPI1_IRQHandler
 .text.SPI2_IRQHandler
                0x0000000008000e28       0x5c STM32_103C6_Drivers/SPI_DRIVER_STM32F103C6.o
                0x0000000008000e28                SPI2_IRQHandler
 .text.USART1_IRQHandler
                0x0000000008000e84       0x14 STM32_103C6_Drivers/USART_DRIVER_STM32F103C6.o
                0x0000000008000e84                USART1_IRQHandler
 .text.USART2_IRQHandler
                0x0000000008000e98       0x14 STM32_103C6_Drivers/USART_DRIVER_STM32F103C6.o
                0x0000000008000e98                USART2_IRQHandler
 .text.USART3_IRQHandler
                0x0000000008000eac       0x14 STM32_103C6_Drivers/USART_DRIVER_STM32F103C6.o
                0x0000000008000eac                USART3_IRQHandler
 .text.Clock_init
                0x0000000008000ec0       0x34 Src/main.o
                0x0000000008000ec0                Clock_init
 .text.main     0x0000000008000ef4       0x7c Src/main.o
                0x0000000008000ef4                main
 .text.Reset_Handler
                0x0000000008000f70       0x50 Startup/startup_stm32f103c6tx.o
                0x0000000008000f70                Reset_Handler
 .text.Default_Handler
                0x0000000008000fc0        0x2 Startup/startup_stm32f103c6tx.o
                0x0000000008000fc0                TIM8_TRG_COM_IRQHandler
                0x0000000008000fc0                TIM8_CC_IRQHandler
                0x0000000008000fc0                DebugMon_Handler
                0x0000000008000fc0                TIM1_CC_IRQHandler
                0x0000000008000fc0                HardFault_Handler
                0x0000000008000fc0                TIM6_IRQHandler
                0x0000000008000fc0                SysTick_Handler
                0x0000000008000fc0                PVD_IRQHandler
                0x0000000008000fc0                SDIO_IRQHandler
                0x0000000008000fc0                PendSV_Handler
                0x0000000008000fc0                NMI_Handler
                0x0000000008000fc0                USB_HP_CAN_TX_IRQHandler
                0x0000000008000fc0                UsageFault_Handler
                0x0000000008000fc0                ADC1_2_IRQHandler
                0x0000000008000fc0                CAN_SCE_IRQHandler
                0x0000000008000fc0                TAMPER_IRQHandler
                0x0000000008000fc0                TIM8_UP_IRQHandler
                0x0000000008000fc0                DMA2_Channel2_IRQHandler
                0x0000000008000fc0                DMA1_Channel4_IRQHandler
                0x0000000008000fc0                RTC_IRQHandler
                0x0000000008000fc0                DMA1_Channel7_IRQHandler
                0x0000000008000fc0                UART5_IRQHandler
                0x0000000008000fc0                ADC3_IRQHandler
                0x0000000008000fc0                TIM4_IRQHandler
                0x0000000008000fc0                CAN_RX1_IRQHandler
                0x0000000008000fc0                DMA2_Channel1_IRQHandler
                0x0000000008000fc0                DMA1_Channel6_IRQHandler
                0x0000000008000fc0                UART4_IRQHandler
                0x0000000008000fc0                TIM3_IRQHandler
                0x0000000008000fc0                RCC_IRQHandler
                0x0000000008000fc0                TIM1_TRG_COM_IRQHandler
                0x0000000008000fc0                DMA1_Channel1_IRQHandler
                0x0000000008000fc0                Default_Handler
                0x0000000008000fc0                TIM7_IRQHandler
                0x0000000008000fc0                TIM5_IRQHandler
                0x0000000008000fc0                USB_LP_CAN_RX0_IRQHandler
                0x0000000008000fc0                MemManage_Handler
                0x0000000008000fc0                SVC_Handler
                0x0000000008000fc0                DMA1_Channel5_IRQHandler
                0x0000000008000fc0                DMA1_Channel3_IRQHandler
                0x0000000008000fc0                FSMC_IRQHandler
                0x0000000008000fc0                TIM1_UP_IRQHandler
                0x0000000008000fc0                WWDG_IRQHandler
                0x0000000008000fc0                TIM2_IRQHandler
                0x0000000008000fc0                TIM1_BRK_IRQHandler
                0x0000000008000fc0                RTCAlarm_IRQHandler
                0x0000000008000fc0                DMA2_Channel4_5_IRQHandler
                0x0000000008000fc0                DMA1_Channel2_IRQHandler
                0x0000000008000fc0                TIM8_BRK_IRQHandler
                0x0000000008000fc0                FLASH_IRQHandler
                0x0000000008000fc0                BusFault_Handler
                0x0000000008000fc0                SPI3_IRQHandler
                0x0000000008000fc0                DMA2_Channel3_IRQHandler
 *fill*         0x0000000008000fc2        0x2 
 .text.__libc_init_array
                0x0000000008000fc4       0x48 c:/program files (x86)/stm32cubeide_1.4.0/stm32cubeide/plugins/com.st.stm32cube.ide.mcu.externaltools.gnu-tools-for-stm32.7-2018-q2-update.win32_1.4.0.202007081208/tools/bin/../lib/gcc/arm-none-eabi/7.3.1/../../../../arm-none-eabi/lib/thumb/v7-m\libc_nano.a(lib_a-init.o)
                0x0000000008000fc4                __libc_init_array
 *(.glue_7)
 .glue_7        0x000000000800100c        0x0 linker stubs
 *(.glue_7t)
 .glue_7t       0x000000000800100c        0x0 linker stubs
 *(.eh_frame)
 .eh_frame      0x000000000800100c        0x0 c:/program files (x86)/stm32cubeide_1.4.0/stm32cubeide/plugins/com.st.stm32cube.ide.mcu.externaltools.gnu-tools-for-stm32.7-2018-q2-update.win32_1.4.0.202007081208/tools/bin/../lib/gcc/arm-none-eabi/7.3.1/thumb/v7-m/crtbegin.o
 *(.init)
 .init          0x000000000800100c        0x4 c:/program files (x86)/stm32cubeide_1.4.0/stm32cubeide/plugins/com.st.stm32cube.ide.mcu.externaltools.gnu-tools-for-stm32.7-2018-q2-update.win32_1.4.0.202007081208/tools/bin/../lib/gcc/arm-none-eabi/7.3.1/thumb/v7-m/crti.o
                0x000000000800100c                _init
 .init          0x0000000008001010        0x8 c:/program files (x86)/stm32cubeide_1.4.0/stm32cubeide/plugins/com.st.stm32cube.ide.mcu.externaltools.gnu-tools-for-stm32.7-2018-q2-update.win32_1.4.0.202007081208/tools/bin/../lib/gcc/arm-none-eabi/7.3.1/thumb/v7-m/crtn.o
 *(.fini)
 .fini          0x0000000008001018        0x4 c:/program files (x86)/stm32cubeide_1.4.0/stm32cubeide/plugins/com.st.stm32cube.ide.mcu.externaltools.gnu-tools-for-stm32.7-2018-q2-update.win32_1.4.0.202007081208/tools/bin/../lib/gcc/arm-none-eabi/7.3.1/thumb/v7-m/crti.o
                0x0000000008001018                _fini
 .fini          0x000000000800101c        0x8 c:/program files (x86)/stm32cubeide_1.4.0/stm32cubeide/plugins/com.st.stm32cube.ide.mcu.externaltools.gnu-tools-for-stm32.7-2018-q2-update.win32_1.4.0.202007081208/tools/bin/../lib/gcc/arm-none-eabi/7.3.1/thumb/v7-m/crtn.o
                0x0000000008001024                . = ALIGN (0x4)
                0x0000000008001024                _etext = .

.vfp11_veneer   0x0000000008001024        0x0
 .vfp11_veneer  0x0000000008001024        0x0 linker stubs

.v4_bx          0x0000000008001024        0x0
 .v4_bx         0x0000000008001024        0x0 linker stubs

.iplt           0x0000000008001024        0x0
 .iplt          0x0000000008001024        0x0 c:/program files (x86)/stm32cubeide_1.4.0/stm32cubeide/plugins/com.st.stm32cube.ide.mcu.externaltools.gnu-tools-for-stm32.7-2018-q2-update.win32_1.4.0.202007081208/tools/bin/../lib/gcc/arm-none-eabi/7.3.1/thumb/v7-m/crtbegin.o

.rodata         0x0000000008001024       0x20
                0x0000000008001024                . = ALIGN (0x4)
 *(.rodata)
 .rodata        0x0000000008001024        0x7 Src/main.o
 *(.rodata*)
 *fill*         0x000000000800102b        0x1 
 .rodata.APB_prescaler_Table
                0x000000000800102c        0x8 STM32_103C6_Drivers/RCC_DRIVER_STM32F103C6.o
                0x000000000800102c                APB_prescaler_Table
 .rodata.AHB_prescaler_Table
                0x0000000008001034       0x10 STM32_103C6_Drivers/RCC_DRIVER_STM32F103C6.o
                0x0000000008001034                AHB_prescaler_Table
                0x0000000008001044                . = ALIGN (0x4)

.rel.dyn        0x0000000008001044        0x0
 .rel.iplt      0x0000000008001044        0x0 c:/program files (x86)/stm32cubeide_1.4.0/stm32cubeide/plugins/com.st.stm32cube.ide.mcu.externaltools.gnu-tools-for-stm32.7-2018-q2-update.win32_1.4.0.202007081208/tools/bin/../lib/gcc/arm-none-eabi/7.3.1/thumb/v7-m/crtbegin.o

.ARM.extab      0x0000000008001044        0x0
                0x0000000008001044                . = ALIGN (0x4)
 *(.ARM.extab* .gnu.linkonce.armextab.*)
                0x0000000008001044                . = ALIGN (0x4)

.ARM            0x0000000008001044        0x0
                0x0000000008001044                . = ALIGN (0x4)
                0x0000000008001044                __exidx_start = .
 *(.ARM.exidx*)
                0x0000000008001044                __exidx_end = .
                0x0000000008001044                . = ALIGN (0x4)

.preinit_array  0x0000000008001044        0x0
                0x0000000008001044                . = ALIGN (0x4)
                0x0000000008001044                PROVIDE (__preinit_array_start = .)
 *(.preinit_array*)
                0x0000000008001044                PROVIDE (__preinit_array_end = .)
                0x0000000008001044                . = ALIGN (0x4)

.init_array     0x0000000008001044        0x4
                0x0000000008001044                . = ALIGN (0x4)
                0x0000000008001044                PROVIDE (__init_array_start = .)
 *(SORT_BY_NAME(.init_array.*))
 *(.init_array*)
 .init_array    0x0000000008001044        0x4 c:/program files (x86)/stm32cubeide_1.4.0/stm32cubeide/plugins/com.st.stm32cube.ide.mcu.externaltools.gnu-tools-for-stm32.7-2018-q2-update.win32_1.4.0.202007081208/tools/bin/../lib/gcc/arm-none-eabi/7.3.1/thumb/v7-m/crtbegin.o
                0x0000000008001048                PROVIDE (__init_array_end = .)
                0x0000000008001048                . = ALIGN (0x4)

.fini_array     0x0000000008001048        0x4
                0x0000000008001048                . = ALIGN (0x4)
                [!provide]                        PROVIDE (__fini_array_start = .)
 *(SORT_BY_NAME(.fini_array.*))
 *(.fini_array*)
 .fini_array    0x0000000008001048        0x4 c:/program files (x86)/stm32cubeide_1.4.0/stm32cubeide/plugins/com.st.stm32cube.ide.mcu.externaltools.gnu-tools-for-stm32.7-2018-q2-update.win32_1.4.0.202007081208/tools/bin/../lib/gcc/arm-none-eabi/7.3.1/thumb/v7-m/crtbegin.o
                [!provide]                        PROVIDE (__fini_array_end = .)
                0x000000000800104c                . = ALIGN (0x4)
                0x000000000800104c                _sidata = LOADADDR (.data)

.data           0x0000000020000000        0x0 load address 0x000000000800104c
                0x0000000020000000                . = ALIGN (0x4)
                0x0000000020000000                _sdata = .
 *(.data)
 *(.data*)
                0x0000000020000000                . = ALIGN (0x4)
                0x0000000020000000                _edata = .

.igot.plt       0x0000000020000000        0x0 load address 0x000000000800104c
 .igot.plt      0x0000000020000000        0x0 c:/program files (x86)/stm32cubeide_1.4.0/stm32cubeide/plugins/com.st.stm32cube.ide.mcu.externaltools.gnu-tools-for-stm32.7-2018-q2-update.win32_1.4.0.202007081208/tools/bin/../lib/gcc/arm-none-eabi/7.3.1/thumb/v7-m/crtbegin.o
                0x0000000020000000                . = ALIGN (0x4)

.bss            0x0000000020000000       0xac load address 0x000000000800104c
                0x0000000020000000                _sbss = .
                0x0000000020000000                __bss_start__ = _sbss
 *(.bss)
 .bss           0x0000000020000000       0x1c c:/program files (x86)/stm32cubeide_1.4.0/stm32cubeide/plugins/com.st.stm32cube.ide.mcu.externaltools.gnu-tools-for-stm32.7-2018-q2-update.win32_1.4.0.202007081208/tools/bin/../lib/gcc/arm-none-eabi/7.3.1/thumb/v7-m/crtbegin.o
 *(.bss*)
 .bss.Global_I2C_Config
                0x000000002000001c       0x48 STM32_103C6_Drivers/I2C_DRIVER_STM32F103C6.o
                0x000000002000001c                Global_I2C_Config
 .bss.Global_SPI_Congig
                0x0000000020000064        0x8 STM32_103C6_Drivers/SPI_DRIVER_STM32F103C6.o
                0x0000000020000064                Global_SPI_Congig
 .bss.Global_UART_Config
                0x000000002000006c        0x4 STM32_103C6_Drivers/USART_DRIVER_STM32F103C6.o
                0x000000002000006c                Global_UART_Config
 *(COMMON)
 COMMON         0x0000000020000070       0x3c STM32_103C6_Drivers/EXTI_DRIVER_STM32F103C6.o
                0x0000000020000070                GP_IRQ_CallBack
                0x00000000200000ac                . = ALIGN (0x4)
                0x00000000200000ac                _ebss = .
                0x00000000200000ac                __bss_end__ = _ebss

._user_heap_stack
                0x00000000200000ac      0x604 load address 0x000000000800104c
                0x00000000200000b0                . = ALIGN (0x8)
 *fill*         0x00000000200000ac        0x4 
                [!provide]                        PROVIDE (end = .)
                0x00000000200000b0                PROVIDE (_end = .)
                0x00000000200002b0                . = (. + _Min_Heap_Size)
 *fill*         0x00000000200000b0      0x200 
                0x00000000200006b0                . = (. + _Min_Stack_Size)
 *fill*         0x00000000200002b0      0x400 
                0x00000000200006b0                . = ALIGN (0x8)

/DISCARD/
 libc.a(*)
 libm.a(*)
 libgcc.a(*)

.ARM.attributes
                0x0000000000000000       0x29
 *(.ARM.attributes)
 .ARM.attributes
                0x0000000000000000       0x1d c:/program files (x86)/stm32cubeide_1.4.0/stm32cubeide/plugins/com.st.stm32cube.ide.mcu.externaltools.gnu-tools-for-stm32.7-2018-q2-update.win32_1.4.0.202007081208/tools/bin/../lib/gcc/arm-none-eabi/7.3.1/thumb/v7-m/crti.o
 .ARM.attributes
                0x000000000000001d       0x2d c:/program files (x86)/stm32cubeide_1.4.0/stm32cubeide/plugins/com.st.stm32cube.ide.mcu.externaltools.gnu-tools-for-stm32.7-2018-q2-update.win32_1.4.0.202007081208/tools/bin/../lib/gcc/arm-none-eabi/7.3.1/thumb/v7-m/crtbegin.o
 .ARM.attributes
                0x000000000000004a       0x33 HAL/I2C_Slave_EEPROM.o
 .ARM.attributes
                0x000000000000007d       0x33 STM32_103C6_Drivers/EXTI_DRIVER_STM32F103C6.o
 .ARM.attributes
                0x00000000000000b0       0x33 STM32_103C6_Drivers/GPIO_DRIVER_STM32F103C6.o
 .ARM.attributes
                0x00000000000000e3       0x33 STM32_103C6_Drivers/I2C_DRIVER_STM32F103C6.o
 .ARM.attributes
                0x0000000000000116       0x33 STM32_103C6_Drivers/RCC_DRIVER_STM32F103C6.o
 .ARM.attributes
                0x0000000000000149       0x33 STM32_103C6_Drivers/SPI_DRIVER_STM32F103C6.o
 .ARM.attributes
                0x000000000000017c       0x33 STM32_103C6_Drivers/USART_DRIVER_STM32F103C6.o
 .ARM.attributes
                0x00000000000001af       0x33 Src/main.o
 .ARM.attributes
                0x00000000000001e2       0x21 Startup/startup_stm32f103c6tx.o
 .ARM.attributes
                0x0000000000000203       0x2d c:/program files (x86)/stm32cubeide_1.4.0/stm32cubeide/plugins/com.st.stm32cube.ide.mcu.externaltools.gnu-tools-for-stm32.7-2018-q2-update.win32_1.4.0.202007081208/tools/bin/../lib/gcc/arm-none-eabi/7.3.1/../../../../arm-none-eabi/lib/thumb/v7-m\libc_nano.a(lib_a-init.o)
 .ARM.attributes
                0x0000000000000230       0x1d c:/program files (x86)/stm32cubeide_1.4.0/stm32cubeide/plugins/com.st.stm32cube.ide.mcu.externaltools.gnu-tools-for-stm32.7-2018-q2-update.win32_1.4.0.202007081208/tools/bin/../lib/gcc/arm-none-eabi/7.3.1/thumb/v7-m/crtn.o
OUTPUT(Drivers.elf elf32-littlearm)

.debug_info     0x0000000000000000     0x6db5
 .debug_info    0x0000000000000000      0xc98 HAL/I2C_Slave_EEPROM.o
 .debug_info    0x0000000000000c98      0xdbf STM32_103C6_Drivers/EXTI_DRIVER_STM32F103C6.o
 .debug_info    0x0000000000001a57      0xd72 STM32_103C6_Drivers/GPIO_DRIVER_STM32F103C6.o
 .debug_info    0x00000000000027c9     0x1235 STM32_103C6_Drivers/I2C_DRIVER_STM32F103C6.o
 .debug_info    0x00000000000039fe      0xb25 STM32_103C6_Drivers/RCC_DRIVER_STM32F103C6.o
 .debug_info    0x0000000000004523      0xf1f STM32_103C6_Drivers/SPI_DRIVER_STM32F103C6.o
 .debug_info    0x0000000000005442      0xe21 STM32_103C6_Drivers/USART_DRIVER_STM32F103C6.o
 .debug_info    0x0000000000006263      0xb30 Src/main.o
 .debug_info    0x0000000000006d93       0x22 Startup/startup_stm32f103c6tx.o

.debug_abbrev   0x0000000000000000     0x1088
 .debug_abbrev  0x0000000000000000      0x1d1 HAL/I2C_Slave_EEPROM.o
 .debug_abbrev  0x00000000000001d1      0x210 STM32_103C6_Drivers/EXTI_DRIVER_STM32F103C6.o
 .debug_abbrev  0x00000000000003e1      0x232 STM32_103C6_Drivers/GPIO_DRIVER_STM32F103C6.o
 .debug_abbrev  0x0000000000000613      0x27a STM32_103C6_Drivers/I2C_DRIVER_STM32F103C6.o
 .debug_abbrev  0x000000000000088d      0x19b STM32_103C6_Drivers/RCC_DRIVER_STM32F103C6.o
 .debug_abbrev  0x0000000000000a28      0x269 STM32_103C6_Drivers/SPI_DRIVER_STM32F103C6.o
 .debug_abbrev  0x0000000000000c91      0x23d STM32_103C6_Drivers/USART_DRIVER_STM32F103C6.o
 .debug_abbrev  0x0000000000000ece      0x1a8 Src/main.o
 .debug_abbrev  0x0000000000001076       0x12 Startup/startup_stm32f103c6tx.o

.debug_loc      0x0000000000000000     0x12fa
 .debug_loc     0x0000000000000000       0xf2 HAL/I2C_Slave_EEPROM.o
 .debug_loc     0x00000000000000f2      0x320 STM32_103C6_Drivers/EXTI_DRIVER_STM32F103C6.o
 .debug_loc     0x0000000000000412      0x330 STM32_103C6_Drivers/GPIO_DRIVER_STM32F103C6.o
 .debug_loc     0x0000000000000742      0x524 STM32_103C6_Drivers/I2C_DRIVER_STM32F103C6.o
 .debug_loc     0x0000000000000c66       0xc8 STM32_103C6_Drivers/RCC_DRIVER_STM32F103C6.o
 .debug_loc     0x0000000000000d2e      0x2bc STM32_103C6_Drivers/SPI_DRIVER_STM32F103C6.o
 .debug_loc     0x0000000000000fea      0x294 STM32_103C6_Drivers/USART_DRIVER_STM32F103C6.o
 .debug_loc     0x000000000000127e       0x7c Src/main.o

.debug_aranges  0x0000000000000000      0x2e8
 .debug_aranges
                0x0000000000000000       0x30 HAL/I2C_Slave_EEPROM.o
 .debug_aranges
                0x0000000000000030       0x80 STM32_103C6_Drivers/EXTI_DRIVER_STM32F103C6.o
 .debug_aranges
                0x00000000000000b0       0x60 STM32_103C6_Drivers/GPIO_DRIVER_STM32F103C6.o
 .debug_aranges
                0x0000000000000110       0x98 STM32_103C6_Drivers/I2C_DRIVER_STM32F103C6.o
 .debug_aranges
                0x00000000000001a8       0x38 STM32_103C6_Drivers/RCC_DRIVER_STM32F103C6.o
 .debug_aranges
                0x00000000000001e0       0x58 STM32_103C6_Drivers/SPI_DRIVER_STM32F103C6.o
 .debug_aranges
                0x0000000000000238       0x60 STM32_103C6_Drivers/USART_DRIVER_STM32F103C6.o
 .debug_aranges
                0x0000000000000298       0x28 Src/main.o
 .debug_aranges
                0x00000000000002c0       0x28 Startup/startup_stm32f103c6tx.o

.debug_ranges   0x0000000000000000      0x260
 .debug_ranges  0x0000000000000000       0x20 HAL/I2C_Slave_EEPROM.o
 .debug_ranges  0x0000000000000020       0x70 STM32_103C6_Drivers/EXTI_DRIVER_STM32F103C6.o
 .debug_ranges  0x0000000000000090       0x50 STM32_103C6_Drivers/GPIO_DRIVER_STM32F103C6.o
 .debug_ranges  0x00000000000000e0       0x88 STM32_103C6_Drivers/I2C_DRIVER_STM32F103C6.o
 .debug_ranges  0x0000000000000168       0x28 STM32_103C6_Drivers/RCC_DRIVER_STM32F103C6.o
 .debug_ranges  0x0000000000000190       0x48 STM32_103C6_Drivers/SPI_DRIVER_STM32F103C6.o
 .debug_ranges  0x00000000000001d8       0x50 STM32_103C6_Drivers/USART_DRIVER_STM32F103C6.o
 .debug_ranges  0x0000000000000228       0x18 Src/main.o
 .debug_ranges  0x0000000000000240       0x20 Startup/startup_stm32f103c6tx.o

.debug_macro    0x0000000000000000     0x39d0
 .debug_macro   0x0000000000000000      0x17c HAL/I2C_Slave_EEPROM.o
 .debug_macro   0x000000000000017c      0xa60 HAL/I2C_Slave_EEPROM.o
 .debug_macro   0x0000000000000bdc       0x18 HAL/I2C_Slave_EEPROM.o
 .debug_macro   0x0000000000000bf4       0x22 HAL/I2C_Slave_EEPROM.o
 .debug_macro   0x0000000000000c16       0x40 HAL/I2C_Slave_EEPROM.o
 .debug_macro   0x0000000000000c56       0x94 HAL/I2C_Slave_EEPROM.o
 .debug_macro   0x0000000000000cea       0x3c HAL/I2C_Slave_EEPROM.o
 .debug_macro   0x0000000000000d26       0x34 HAL/I2C_Slave_EEPROM.o
 .debug_macro   0x0000000000000d5a       0x16 HAL/I2C_Slave_EEPROM.o
 .debug_macro   0x0000000000000d70      0x10e HAL/I2C_Slave_EEPROM.o
 .debug_macro   0x0000000000000e7e       0x8d HAL/I2C_Slave_EEPROM.o
 .debug_macro   0x0000000000000f0b       0x57 HAL/I2C_Slave_EEPROM.o
 .debug_macro   0x0000000000000f62       0x52 HAL/I2C_Slave_EEPROM.o
 .debug_macro   0x0000000000000fb4       0x1f HAL/I2C_Slave_EEPROM.o
 .debug_macro   0x0000000000000fd3       0x43 HAL/I2C_Slave_EEPROM.o
 .debug_macro   0x0000000000001016       0x20 HAL/I2C_Slave_EEPROM.o
 .debug_macro   0x0000000000001036      0x1a3 HAL/I2C_Slave_EEPROM.o
 .debug_macro   0x00000000000011d9      0x330 HAL/I2C_Slave_EEPROM.o
 .debug_macro   0x0000000000001509       0x16 HAL/I2C_Slave_EEPROM.o
 .debug_macro   0x000000000000151f       0x29 HAL/I2C_Slave_EEPROM.o
 .debug_macro   0x0000000000001548       0xef HAL/I2C_Slave_EEPROM.o
 .debug_macro   0x0000000000001637       0x6a HAL/I2C_Slave_EEPROM.o
 .debug_macro   0x00000000000016a1      0x1df HAL/I2C_Slave_EEPROM.o
 .debug_macro   0x0000000000001880      0x6b8 HAL/I2C_Slave_EEPROM.o
 .debug_macro   0x0000000000001f38       0xd6 HAL/I2C_Slave_EEPROM.o
 .debug_macro   0x000000000000200e      0x21d HAL/I2C_Slave_EEPROM.o
 .debug_macro   0x000000000000222b       0x16 HAL/I2C_Slave_EEPROM.o
 .debug_macro   0x0000000000002241       0xe8 HAL/I2C_Slave_EEPROM.o
 .debug_macro   0x0000000000002329       0xdb HAL/I2C_Slave_EEPROM.o
 .debug_macro   0x0000000000002404       0x61 HAL/I2C_Slave_EEPROM.o
 .debug_macro   0x0000000000002465      0x152 STM32_103C6_Drivers/EXTI_DRIVER_STM32F103C6.o
 .debug_macro   0x00000000000025b7      0x217 STM32_103C6_Drivers/EXTI_DRIVER_STM32F103C6.o
 .debug_macro   0x00000000000027ce      0x143 STM32_103C6_Drivers/GPIO_DRIVER_STM32F103C6.o
 .debug_macro   0x0000000000002911      0x178 STM32_103C6_Drivers/I2C_DRIVER_STM32F103C6.o
 .debug_macro   0x0000000000002a89      0x151 STM32_103C6_Drivers/RCC_DRIVER_STM32F103C6.o
 .debug_macro   0x0000000000002bda       0x10 STM32_103C6_Drivers/RCC_DRIVER_STM32F103C6.o
 .debug_macro   0x0000000000002bea      0x17b STM32_103C6_Drivers/SPI_DRIVER_STM32F103C6.o
 .debug_macro   0x0000000000002d65       0xd5 STM32_103C6_Drivers/SPI_DRIVER_STM32F103C6.o
 .debug_macro   0x0000000000002e3a      0x15a STM32_103C6_Drivers/USART_DRIVER_STM32F103C6.o
 .debug_macro   0x0000000000002f94       0xe2 STM32_103C6_Drivers/USART_DRIVER_STM32F103C6.o
 .debug_macro   0x0000000000003076      0x2ac Src/main.o
 .debug_macro   0x0000000000003322       0x16 Src/main.o
 .debug_macro   0x0000000000003338       0x97 Src/main.o
 .debug_macro   0x00000000000033cf       0xfd Src/main.o
 .debug_macro   0x00000000000034cc       0x10 Src/main.o
 .debug_macro   0x00000000000034dc       0x10 Src/main.o
 .debug_macro   0x00000000000034ec       0x1c Src/main.o
 .debug_macro   0x0000000000003508       0x52 Src/main.o
 .debug_macro   0x000000000000355a       0x40 Src/main.o
 .debug_macro   0x000000000000359a       0x10 Src/main.o
 .debug_macro   0x00000000000035aa       0x40 Src/main.o
 .debug_macro   0x00000000000035ea       0xd7 Src/main.o
 .debug_macro   0x00000000000036c1       0x1c Src/main.o
 .debug_macro   0x00000000000036dd       0x3d Src/main.o
 .debug_macro   0x000000000000371a       0x16 Src/main.o
 .debug_macro   0x0000000000003730      0x145 Src/main.o
 .debug_macro   0x0000000000003875       0x35 Src/main.o
 .debug_macro   0x00000000000038aa       0x16 Src/main.o
 .debug_macro   0x00000000000038c0       0x20 Src/main.o
 .debug_macro   0x00000000000038e0       0x10 Src/main.o
 .debug_macro   0x00000000000038f0       0xa0 Src/main.o
 .debug_macro   0x0000000000003990       0x40 Src/main.o

.debug_line     0x0000000000000000     0x4216
 .debug_line    0x0000000000000000      0x7be HAL/I2C_Slave_EEPROM.o
 .debug_line    0x00000000000007be      0x882 STM32_103C6_Drivers/EXTI_DRIVER_STM32F103C6.o
 .debug_line    0x0000000000001040      0x7d2 STM32_103C6_Drivers/GPIO_DRIVER_STM32F103C6.o
 .debug_line    0x0000000000001812      0x96e STM32_103C6_Drivers/I2C_DRIVER_STM32F103C6.o
 .debug_line    0x0000000000002180      0x726 STM32_103C6_Drivers/RCC_DRIVER_STM32F103C6.o
 .debug_line    0x00000000000028a6      0x847 STM32_103C6_Drivers/SPI_DRIVER_STM32F103C6.o
 .debug_line    0x00000000000030ed      0x817 STM32_103C6_Drivers/USART_DRIVER_STM32F103C6.o
 .debug_line    0x0000000000003904      0x88e Src/main.o
 .debug_line    0x0000000000004192       0x84 Startup/startup_stm32f103c6tx.o

.debug_str      0x0000000000000000     0xd944
 .debug_str     0x0000000000000000     0xb768 HAL/I2C_Slave_EEPROM.o
                                       0xb9d5 (size before relaxing)
 .debug_str     0x000000000000b768      0x2d0 STM32_103C6_Drivers/EXTI_DRIVER_STM32F103C6.o
                                       0xab60 (size before relaxing)
 .debug_str     0x000000000000ba38      0x166 STM32_103C6_Drivers/GPIO_DRIVER_STM32F103C6.o
                                       0x9773 (size before relaxing)
 .debug_str     0x000000000000bb9e      0x2ea STM32_103C6_Drivers/I2C_DRIVER_STM32F103C6.o
                                       0xbcd9 (size before relaxing)
 .debug_str     0x000000000000be88       0xd0 STM32_103C6_Drivers/RCC_DRIVER_STM32F103C6.o
                                       0xa9e2 (size before relaxing)
 .debug_str     0x000000000000bf58      0x2a4 STM32_103C6_Drivers/SPI_DRIVER_STM32F103C6.o
                                       0xb850 (size before relaxing)
 .debug_str     0x000000000000c1fc      0x1c4 STM32_103C6_Drivers/USART_DRIVER_STM32F103C6.o
                                       0xb201 (size before relaxing)
 .debug_str     0x000000000000c3c0     0x1553 Src/main.o
                                       0xcd4e (size before relaxing)
 .debug_str     0x000000000000d913       0x31 Startup/startup_stm32f103c6tx.o
                                         0x64 (size before relaxing)

.comment        0x0000000000000000       0x7b
 .comment       0x0000000000000000       0x7b HAL/I2C_Slave_EEPROM.o
                                         0x7c (size before relaxing)
 .comment       0x000000000000007b       0x7c STM32_103C6_Drivers/EXTI_DRIVER_STM32F103C6.o
 .comment       0x000000000000007b       0x7c STM32_103C6_Drivers/GPIO_DRIVER_STM32F103C6.o
 .comment       0x000000000000007b       0x7c STM32_103C6_Drivers/I2C_DRIVER_STM32F103C6.o
 .comment       0x000000000000007b       0x7c STM32_103C6_Drivers/RCC_DRIVER_STM32F103C6.o
 .comment       0x000000000000007b       0x7c STM32_103C6_Drivers/SPI_DRIVER_STM32F103C6.o
 .comment       0x000000000000007b       0x7c STM32_103C6_Drivers/USART_DRIVER_STM32F103C6.o
 .comment       0x000000000000007b       0x7c Src/main.o

.debug_frame    0x0000000000000000      0x99c
 .debug_frame   0x0000000000000000       0x80 HAL/I2C_Slave_EEPROM.o
 .debug_frame   0x0000000000000080      0x1b0 STM32_103C6_Drivers/EXTI_DRIVER_STM32F103C6.o
 .debug_frame   0x0000000000000230      0x178 STM32_103C6_Drivers/GPIO_DRIVER_STM32F103C6.o
 .debug_frame   0x00000000000003a8      0x260 STM32_103C6_Drivers/I2C_DRIVER_STM32F103C6.o
 .debug_frame   0x0000000000000608       0x84 STM32_103C6_Drivers/RCC_DRIVER_STM32F103C6.o
 .debug_frame   0x000000000000068c      0x148 STM32_103C6_Drivers/SPI_DRIVER_STM32F103C6.o
 .debug_frame   0x00000000000007d4      0x14c STM32_103C6_Drivers/USART_DRIVER_STM32F103C6.o
 .debug_frame   0x0000000000000920       0x50 Src/main.o
 .debug_frame   0x0000000000000970       0x2c c:/program files (x86)/stm32cubeide_1.4.0/stm32cubeide/plugins/com.st.stm32cube.ide.mcu.externaltools.gnu-tools-for-stm32.7-2018-q2-update.win32_1.4.0.202007081208/tools/bin/../lib/gcc/arm-none-eabi/7.3.1/../../../../arm-none-eabi/lib/thumb/v7-m\libc_nano.a(lib_a-init.o)
