Archive member included to satisfy reference by file (symbol)

c:/program files (x86)/stm32cubeide_1.4.0/stm32cubeide/plugins/com.st.stm32cube.ide.mcu.externaltools.gnu-tools-for-stm32.7-2018-q2-update.win32_1.4.0.202007081208/tools/bin/../lib/gcc/arm-none-eabi/7.3.1/../../../../arm-none-eabi/lib/thumb/v7-m\libc_nano.a(lib_a-errno.o)
                              Src/syscalls.o (__errno)
c:/program files (x86)/stm32cubeide_1.4.0/stm32cubeide/plugins/com.st.stm32cube.ide.mcu.externaltools.gnu-tools-for-stm32.7-2018-q2-update.win32_1.4.0.202007081208/tools/bin/../lib/gcc/arm-none-eabi/7.3.1/../../../../arm-none-eabi/lib/thumb/v7-m\libc_nano.a(lib_a-exit.o)
                              c:/program files (x86)/stm32cubeide_1.4.0/stm32cubeide/plugins/com.st.stm32cube.ide.mcu.externaltools.gnu-tools-for-stm32.7-2018-q2-update.win32_1.4.0.202007081208/tools/bin/../lib/gcc/arm-none-eabi/7.3.1/../../../../arm-none-eabi/lib/thumb/v7-m/crt0.o (exit)
c:/program files (x86)/stm32cubeide_1.4.0/stm32cubeide/plugins/com.st.stm32cube.ide.mcu.externaltools.gnu-tools-for-stm32.7-2018-q2-update.win32_1.4.0.202007081208/tools/bin/../lib/gcc/arm-none-eabi/7.3.1/../../../../arm-none-eabi/lib/thumb/v7-m\libc_nano.a(lib_a-impure.o)
                              c:/program files (x86)/stm32cubeide_1.4.0/stm32cubeide/plugins/com.st.stm32cube.ide.mcu.externaltools.gnu-tools-for-stm32.7-2018-q2-update.win32_1.4.0.202007081208/tools/bin/../lib/gcc/arm-none-eabi/7.3.1/../../../../arm-none-eabi/lib/thumb/v7-m\libc_nano.a(lib_a-exit.o) (_global_impure_ptr)
c:/program files (x86)/stm32cubeide_1.4.0/stm32cubeide/plugins/com.st.stm32cube.ide.mcu.externaltools.gnu-tools-for-stm32.7-2018-q2-update.win32_1.4.0.202007081208/tools/bin/../lib/gcc/arm-none-eabi/7.3.1/../../../../arm-none-eabi/lib/thumb/v7-m\libc_nano.a(lib_a-init.o)
                              c:/program files (x86)/stm32cubeide_1.4.0/stm32cubeide/plugins/com.st.stm32cube.ide.mcu.externaltools.gnu-tools-for-stm32.7-2018-q2-update.win32_1.4.0.202007081208/tools/bin/../lib/gcc/arm-none-eabi/7.3.1/../../../../arm-none-eabi/lib/thumb/v7-m/crt0.o (__libc_init_array)
c:/program files (x86)/stm32cubeide_1.4.0/stm32cubeide/plugins/com.st.stm32cube.ide.mcu.externaltools.gnu-tools-for-stm32.7-2018-q2-update.win32_1.4.0.202007081208/tools/bin/../lib/gcc/arm-none-eabi/7.3.1/../../../../arm-none-eabi/lib/thumb/v7-m\libc_nano.a(lib_a-memset.o)
                              c:/program files (x86)/stm32cubeide_1.4.0/stm32cubeide/plugins/com.st.stm32cube.ide.mcu.externaltools.gnu-tools-for-stm32.7-2018-q2-update.win32_1.4.0.202007081208/tools/bin/../lib/gcc/arm-none-eabi/7.3.1/../../../../arm-none-eabi/lib/thumb/v7-m/crt0.o (memset)

Allocating common symbols
Common symbol       size              file

PinCfg              0x4               HAL/lcd.o
ch                  0x1               Src/main.o
GP_IRQ_CallBack     0x3c              STM32_103C6_Drivers/EXTI_DRIVER_STM32F103C6.o

Discarded input sections

 .text          0x0000000000000000        0x0 c:/program files (x86)/stm32cubeide_1.4.0/stm32cubeide/plugins/com.st.stm32cube.ide.mcu.externaltools.gnu-tools-for-stm32.7-2018-q2-update.win32_1.4.0.202007081208/tools/bin/../lib/gcc/arm-none-eabi/7.3.1/thumb/v7-m/crti.o
 .data          0x0000000000000000        0x0 c:/program files (x86)/stm32cubeide_1.4.0/stm32cubeide/plugins/com.st.stm32cube.ide.mcu.externaltools.gnu-tools-for-stm32.7-2018-q2-update.win32_1.4.0.202007081208/tools/bin/../lib/gcc/arm-none-eabi/7.3.1/thumb/v7-m/crti.o
 .bss           0x0000000000000000        0x0 c:/program files (x86)/stm32cubeide_1.4.0/stm32cubeide/plugins/com.st.stm32cube.ide.mcu.externaltools.gnu-tools-for-stm32.7-2018-q2-update.win32_1.4.0.202007081208/tools/bin/../lib/gcc/arm-none-eabi/7.3.1/thumb/v7-m/crti.o
 .data          0x0000000000000000        0x4 c:/program files (x86)/stm32cubeide_1.4.0/stm32cubeide/plugins/com.st.stm32cube.ide.mcu.externaltools.gnu-tools-for-stm32.7-2018-q2-update.win32_1.4.0.202007081208/tools/bin/../lib/gcc/arm-none-eabi/7.3.1/thumb/v7-m/crtbegin.o
 .text          0x0000000000000000       0x74 c:/program files (x86)/stm32cubeide_1.4.0/stm32cubeide/plugins/com.st.stm32cube.ide.mcu.externaltools.gnu-tools-for-stm32.7-2018-q2-update.win32_1.4.0.202007081208/tools/bin/../lib/gcc/arm-none-eabi/7.3.1/../../../../arm-none-eabi/lib/thumb/v7-m/crt0.o
 .data          0x0000000000000000        0x0 c:/program files (x86)/stm32cubeide_1.4.0/stm32cubeide/plugins/com.st.stm32cube.ide.mcu.externaltools.gnu-tools-for-stm32.7-2018-q2-update.win32_1.4.0.202007081208/tools/bin/../lib/gcc/arm-none-eabi/7.3.1/../../../../arm-none-eabi/lib/thumb/v7-m/crt0.o
 .bss           0x0000000000000000        0x0 c:/program files (x86)/stm32cubeide_1.4.0/stm32cubeide/plugins/com.st.stm32cube.ide.mcu.externaltools.gnu-tools-for-stm32.7-2018-q2-update.win32_1.4.0.202007081208/tools/bin/../lib/gcc/arm-none-eabi/7.3.1/../../../../arm-none-eabi/lib/thumb/v7-m/crt0.o
 .ARM.extab     0x0000000000000000        0x0 c:/program files (x86)/stm32cubeide_1.4.0/stm32cubeide/plugins/com.st.stm32cube.ide.mcu.externaltools.gnu-tools-for-stm32.7-2018-q2-update.win32_1.4.0.202007081208/tools/bin/../lib/gcc/arm-none-eabi/7.3.1/../../../../arm-none-eabi/lib/thumb/v7-m/crt0.o
 .ARM.exidx     0x0000000000000000        0x8 c:/program files (x86)/stm32cubeide_1.4.0/stm32cubeide/plugins/com.st.stm32cube.ide.mcu.externaltools.gnu-tools-for-stm32.7-2018-q2-update.win32_1.4.0.202007081208/tools/bin/../lib/gcc/arm-none-eabi/7.3.1/../../../../arm-none-eabi/lib/thumb/v7-m/crt0.o
 .ARM.attributes
                0x0000000000000000       0x1b c:/program files (x86)/stm32cubeide_1.4.0/stm32cubeide/plugins/com.st.stm32cube.ide.mcu.externaltools.gnu-tools-for-stm32.7-2018-q2-update.win32_1.4.0.202007081208/tools/bin/../lib/gcc/arm-none-eabi/7.3.1/../../../../arm-none-eabi/lib/thumb/v7-m/crt0.o
 .group         0x0000000000000000        0xc HAL/keypad.o
 .group         0x0000000000000000        0xc HAL/keypad.o
 .group         0x0000000000000000        0xc HAL/keypad.o
 .group         0x0000000000000000        0xc HAL/keypad.o
 .group         0x0000000000000000        0xc HAL/keypad.o
 .group         0x0000000000000000        0xc HAL/keypad.o
 .group         0x0000000000000000        0xc HAL/keypad.o
 .group         0x0000000000000000        0xc HAL/keypad.o
 .group         0x0000000000000000        0xc HAL/keypad.o
 .group         0x0000000000000000        0xc HAL/keypad.o
 .group         0x0000000000000000        0xc HAL/keypad.o
 .group         0x0000000000000000        0xc HAL/keypad.o
 .group         0x0000000000000000        0xc HAL/keypad.o
 .group         0x0000000000000000        0xc HAL/keypad.o
 .group         0x0000000000000000        0xc HAL/keypad.o
 .group         0x0000000000000000        0xc HAL/keypad.o
 .group         0x0000000000000000        0xc HAL/keypad.o
 .group         0x0000000000000000        0xc HAL/keypad.o
 .group         0x0000000000000000        0xc HAL/keypad.o
 .group         0x0000000000000000        0xc HAL/keypad.o
 .group         0x0000000000000000        0xc HAL/keypad.o
 .group         0x0000000000000000        0xc HAL/keypad.o
 .group         0x0000000000000000        0xc HAL/keypad.o
 .group         0x0000000000000000        0xc HAL/keypad.o
 .group         0x0000000000000000        0xc HAL/keypad.o
 .text          0x0000000000000000        0x0 HAL/keypad.o
 .data          0x0000000000000000        0x0 HAL/keypad.o
 .bss           0x0000000000000000        0x0 HAL/keypad.o
 .data.Key_padRow
                0x0000000000000000       0x10 HAL/keypad.o
 .data.Key_padCol
                0x0000000000000000       0x10 HAL/keypad.o
 .text.delay_mss
                0x0000000000000000       0x38 HAL/keypad.o
 .text.Keypad_init
                0x0000000000000000       0xcc HAL/keypad.o
 .text.Keypad_getkey
                0x0000000000000000      0x194 HAL/keypad.o
 .debug_info    0x0000000000000000      0xb48 HAL/keypad.o
 .debug_abbrev  0x0000000000000000      0x1de HAL/keypad.o
 .debug_loc     0x0000000000000000       0xfc HAL/keypad.o
 .debug_aranges
                0x0000000000000000       0x30 HAL/keypad.o
 .debug_ranges  0x0000000000000000       0x20 HAL/keypad.o
 .debug_macro   0x0000000000000000      0x152 HAL/keypad.o
 .debug_macro   0x0000000000000000      0xa60 HAL/keypad.o
 .debug_macro   0x0000000000000000       0x18 HAL/keypad.o
 .debug_macro   0x0000000000000000       0x22 HAL/keypad.o
 .debug_macro   0x0000000000000000       0x40 HAL/keypad.o
 .debug_macro   0x0000000000000000       0x94 HAL/keypad.o
 .debug_macro   0x0000000000000000       0x3c HAL/keypad.o
 .debug_macro   0x0000000000000000       0x34 HAL/keypad.o
 .debug_macro   0x0000000000000000       0x16 HAL/keypad.o
 .debug_macro   0x0000000000000000      0x10e HAL/keypad.o
 .debug_macro   0x0000000000000000       0x8d HAL/keypad.o
 .debug_macro   0x0000000000000000       0x57 HAL/keypad.o
 .debug_macro   0x0000000000000000       0x52 HAL/keypad.o
 .debug_macro   0x0000000000000000       0x1f HAL/keypad.o
 .debug_macro   0x0000000000000000       0x43 HAL/keypad.o
 .debug_macro   0x0000000000000000       0x20 HAL/keypad.o
 .debug_macro   0x0000000000000000      0x1a3 HAL/keypad.o
 .debug_macro   0x0000000000000000      0x330 HAL/keypad.o
 .debug_macro   0x0000000000000000       0x16 HAL/keypad.o
 .debug_macro   0x0000000000000000       0x29 HAL/keypad.o
 .debug_macro   0x0000000000000000       0xef HAL/keypad.o
 .debug_macro   0x0000000000000000       0x6a HAL/keypad.o
 .debug_macro   0x0000000000000000      0x1df HAL/keypad.o
 .debug_macro   0x0000000000000000      0x240 HAL/keypad.o
 .debug_macro   0x0000000000000000       0xd0 HAL/keypad.o
 .debug_macro   0x0000000000000000       0x3a HAL/keypad.o
 .debug_line    0x0000000000000000      0x78e HAL/keypad.o
 .debug_str     0x0000000000000000     0x8050 HAL/keypad.o
 .comment       0x0000000000000000       0x7c HAL/keypad.o
 .debug_frame   0x0000000000000000       0x80 HAL/keypad.o
 .ARM.attributes
                0x0000000000000000       0x33 HAL/keypad.o
 .group         0x0000000000000000        0xc HAL/lcd.o
 .group         0x0000000000000000        0xc HAL/lcd.o
 .group         0x0000000000000000        0xc HAL/lcd.o
 .group         0x0000000000000000        0xc HAL/lcd.o
 .group         0x0000000000000000        0xc HAL/lcd.o
 .group         0x0000000000000000        0xc HAL/lcd.o
 .group         0x0000000000000000        0xc HAL/lcd.o
 .group         0x0000000000000000        0xc HAL/lcd.o
 .group         0x0000000000000000        0xc HAL/lcd.o
 .group         0x0000000000000000        0xc HAL/lcd.o
 .group         0x0000000000000000        0xc HAL/lcd.o
 .group         0x0000000000000000        0xc HAL/lcd.o
 .group         0x0000000000000000        0xc HAL/lcd.o
 .group         0x0000000000000000        0xc HAL/lcd.o
 .group         0x0000000000000000        0xc HAL/lcd.o
 .group         0x0000000000000000        0xc HAL/lcd.o
 .group         0x0000000000000000        0xc HAL/lcd.o
 .group         0x0000000000000000        0xc HAL/lcd.o
 .group         0x0000000000000000        0xc HAL/lcd.o
 .group         0x0000000000000000        0xc HAL/lcd.o
 .group         0x0000000000000000        0xc HAL/lcd.o
 .group         0x0000000000000000        0xc HAL/lcd.o
 .group         0x0000000000000000        0xc HAL/lcd.o
 .group         0x0000000000000000        0xc HAL/lcd.o
 .group         0x0000000000000000        0xc HAL/lcd.o
 .group         0x0000000000000000        0xc HAL/lcd.o
 .text          0x0000000000000000        0x0 HAL/lcd.o
 .data          0x0000000000000000        0x0 HAL/lcd.o
 .bss           0x0000000000000000        0x0 HAL/lcd.o
 .text.delay_ms
                0x0000000000000000       0x38 HAL/lcd.o
 .text.LCD_GPIO_init
                0x0000000000000000      0x158 HAL/lcd.o
 .text.LCD_clear_screen
                0x0000000000000000        0xe HAL/lcd.o
 .text.LCD_lcd_kick
                0x0000000000000000       0x2c HAL/lcd.o
 .text.LCD_GOTO_XY
                0x0000000000000000       0x48 HAL/lcd.o
 .text.LCD_INIT
                0x0000000000000000       0x34 HAL/lcd.o
 .text.LCD_check_lcd_isbusy
                0x0000000000000000       0xd8 HAL/lcd.o
 .text.LCD_WRITE_COMMAND
                0x0000000000000000       0x44 HAL/lcd.o
 .text.LCD_WRITE_CHAR
                0x0000000000000000       0x44 HAL/lcd.o
 .text.LCD_WRITE_STRING
                0x0000000000000000       0x58 HAL/lcd.o
 .debug_info    0x0000000000000000      0xbf3 HAL/lcd.o
 .debug_abbrev  0x0000000000000000      0x1f4 HAL/lcd.o
 .debug_loc     0x0000000000000000      0x278 HAL/lcd.o
 .debug_aranges
                0x0000000000000000       0x68 HAL/lcd.o
 .debug_ranges  0x0000000000000000       0x58 HAL/lcd.o
 .debug_macro   0x0000000000000000      0x151 HAL/lcd.o
 .debug_macro   0x0000000000000000      0xa60 HAL/lcd.o
 .debug_macro   0x0000000000000000       0x10 HAL/lcd.o
 .debug_macro   0x0000000000000000       0x18 HAL/lcd.o
 .debug_macro   0x0000000000000000       0x22 HAL/lcd.o
 .debug_macro   0x0000000000000000       0x40 HAL/lcd.o
 .debug_macro   0x0000000000000000       0x94 HAL/lcd.o
 .debug_macro   0x0000000000000000       0x3c HAL/lcd.o
 .debug_macro   0x0000000000000000       0x34 HAL/lcd.o
 .debug_macro   0x0000000000000000       0x16 HAL/lcd.o
 .debug_macro   0x0000000000000000      0x10e HAL/lcd.o
 .debug_macro   0x0000000000000000       0x8d HAL/lcd.o
 .debug_macro   0x0000000000000000       0x57 HAL/lcd.o
 .debug_macro   0x0000000000000000       0x52 HAL/lcd.o
 .debug_macro   0x0000000000000000       0x1f HAL/lcd.o
 .debug_macro   0x0000000000000000       0x43 HAL/lcd.o
 .debug_macro   0x0000000000000000       0x20 HAL/lcd.o
 .debug_macro   0x0000000000000000      0x1a3 HAL/lcd.o
 .debug_macro   0x0000000000000000      0x330 HAL/lcd.o
 .debug_macro   0x0000000000000000       0x16 HAL/lcd.o
 .debug_macro   0x0000000000000000       0x29 HAL/lcd.o
 .debug_macro   0x0000000000000000       0xef HAL/lcd.o
 .debug_macro   0x0000000000000000       0x6a HAL/lcd.o
 .debug_macro   0x0000000000000000      0x1df HAL/lcd.o
 .debug_macro   0x0000000000000000      0x240 HAL/lcd.o
 .debug_macro   0x0000000000000000       0xd0 HAL/lcd.o
 .debug_macro   0x0000000000000000       0x94 HAL/lcd.o
 .debug_line    0x0000000000000000      0x7f8 HAL/lcd.o
 .debug_str     0x0000000000000000     0x82ac HAL/lcd.o
 .comment       0x0000000000000000       0x7c HAL/lcd.o
 .debug_frame   0x0000000000000000      0x154 HAL/lcd.o
 .ARM.attributes
                0x0000000000000000       0x33 HAL/lcd.o
 COMMON         0x0000000000000000        0x4 HAL/lcd.o
 .group         0x0000000000000000        0xc STM32_103C6_Drivers/EXTI_DRIVER_STM32F103C6.o
 .group         0x0000000000000000        0xc STM32_103C6_Drivers/EXTI_DRIVER_STM32F103C6.o
 .group         0x0000000000000000        0xc STM32_103C6_Drivers/EXTI_DRIVER_STM32F103C6.o
 .group         0x0000000000000000        0xc STM32_103C6_Drivers/EXTI_DRIVER_STM32F103C6.o
 .group         0x0000000000000000        0xc STM32_103C6_Drivers/EXTI_DRIVER_STM32F103C6.o
 .group         0x0000000000000000        0xc STM32_103C6_Drivers/EXTI_DRIVER_STM32F103C6.o
 .group         0x0000000000000000        0xc STM32_103C6_Drivers/EXTI_DRIVER_STM32F103C6.o
 .group         0x0000000000000000        0xc STM32_103C6_Drivers/EXTI_DRIVER_STM32F103C6.o
 .group         0x0000000000000000        0xc STM32_103C6_Drivers/EXTI_DRIVER_STM32F103C6.o
 .group         0x0000000000000000        0xc STM32_103C6_Drivers/EXTI_DRIVER_STM32F103C6.o
 .group         0x0000000000000000        0xc STM32_103C6_Drivers/EXTI_DRIVER_STM32F103C6.o
 .group         0x0000000000000000        0xc STM32_103C6_Drivers/EXTI_DRIVER_STM32F103C6.o
 .group         0x0000000000000000        0xc STM32_103C6_Drivers/EXTI_DRIVER_STM32F103C6.o
 .group         0x0000000000000000        0xc STM32_103C6_Drivers/EXTI_DRIVER_STM32F103C6.o
 .group         0x0000000000000000        0xc STM32_103C6_Drivers/EXTI_DRIVER_STM32F103C6.o
 .group         0x0000000000000000        0xc STM32_103C6_Drivers/EXTI_DRIVER_STM32F103C6.o
 .group         0x0000000000000000        0xc STM32_103C6_Drivers/EXTI_DRIVER_STM32F103C6.o
 .group         0x0000000000000000        0xc STM32_103C6_Drivers/EXTI_DRIVER_STM32F103C6.o
 .group         0x0000000000000000        0xc STM32_103C6_Drivers/EXTI_DRIVER_STM32F103C6.o
 .group         0x0000000000000000        0xc STM32_103C6_Drivers/EXTI_DRIVER_STM32F103C6.o
 .group         0x0000000000000000        0xc STM32_103C6_Drivers/EXTI_DRIVER_STM32F103C6.o
 .group         0x0000000000000000        0xc STM32_103C6_Drivers/EXTI_DRIVER_STM32F103C6.o
 .group         0x0000000000000000        0xc STM32_103C6_Drivers/EXTI_DRIVER_STM32F103C6.o
 .group         0x0000000000000000        0xc STM32_103C6_Drivers/EXTI_DRIVER_STM32F103C6.o
 .group         0x0000000000000000        0xc STM32_103C6_Drivers/EXTI_DRIVER_STM32F103C6.o
 .text          0x0000000000000000        0x0 STM32_103C6_Drivers/EXTI_DRIVER_STM32F103C6.o
 .data          0x0000000000000000        0x0 STM32_103C6_Drivers/EXTI_DRIVER_STM32F103C6.o
 .bss           0x0000000000000000        0x0 STM32_103C6_Drivers/EXTI_DRIVER_STM32F103C6.o
 .text.Enable_NVIC
                0x0000000000000000       0xcc STM32_103C6_Drivers/EXTI_DRIVER_STM32F103C6.o
 .text.Diasble_NVIC
                0x0000000000000000       0xcc STM32_103C6_Drivers/EXTI_DRIVER_STM32F103C6.o
 .text.Update_EXTI
                0x0000000000000000      0x1d8 STM32_103C6_Drivers/EXTI_DRIVER_STM32F103C6.o
 .text.MCAL_EXTI_GPIO_Init
                0x0000000000000000       0x16 STM32_103C6_Drivers/EXTI_DRIVER_STM32F103C6.o
 .text.MCAL_EXTI_GPIO_DeInit
                0x0000000000000000       0x94 STM32_103C6_Drivers/EXTI_DRIVER_STM32F103C6.o
 .text.MCAL_EXTI_GPIO_Update
                0x0000000000000000       0x16 STM32_103C6_Drivers/EXTI_DRIVER_STM32F103C6.o
 .debug_macro   0x0000000000000000      0xa60 STM32_103C6_Drivers/EXTI_DRIVER_STM32F103C6.o
 .debug_macro   0x0000000000000000       0x18 STM32_103C6_Drivers/EXTI_DRIVER_STM32F103C6.o
 .debug_macro   0x0000000000000000       0x22 STM32_103C6_Drivers/EXTI_DRIVER_STM32F103C6.o
 .debug_macro   0x0000000000000000       0x40 STM32_103C6_Drivers/EXTI_DRIVER_STM32F103C6.o
 .debug_macro   0x0000000000000000       0x94 STM32_103C6_Drivers/EXTI_DRIVER_STM32F103C6.o
 .debug_macro   0x0000000000000000       0x3c STM32_103C6_Drivers/EXTI_DRIVER_STM32F103C6.o
 .debug_macro   0x0000000000000000       0x34 STM32_103C6_Drivers/EXTI_DRIVER_STM32F103C6.o
 .debug_macro   0x0000000000000000       0x16 STM32_103C6_Drivers/EXTI_DRIVER_STM32F103C6.o
 .debug_macro   0x0000000000000000      0x10e STM32_103C6_Drivers/EXTI_DRIVER_STM32F103C6.o
 .debug_macro   0x0000000000000000       0x8d STM32_103C6_Drivers/EXTI_DRIVER_STM32F103C6.o
 .debug_macro   0x0000000000000000       0x57 STM32_103C6_Drivers/EXTI_DRIVER_STM32F103C6.o
 .debug_macro   0x0000000000000000       0x52 STM32_103C6_Drivers/EXTI_DRIVER_STM32F103C6.o
 .debug_macro   0x0000000000000000       0x1f STM32_103C6_Drivers/EXTI_DRIVER_STM32F103C6.o
 .debug_macro   0x0000000000000000       0x43 STM32_103C6_Drivers/EXTI_DRIVER_STM32F103C6.o
 .debug_macro   0x0000000000000000       0x20 STM32_103C6_Drivers/EXTI_DRIVER_STM32F103C6.o
 .debug_macro   0x0000000000000000      0x1a3 STM32_103C6_Drivers/EXTI_DRIVER_STM32F103C6.o
 .debug_macro   0x0000000000000000      0x330 STM32_103C6_Drivers/EXTI_DRIVER_STM32F103C6.o
 .debug_macro   0x0000000000000000       0x16 STM32_103C6_Drivers/EXTI_DRIVER_STM32F103C6.o
 .debug_macro   0x0000000000000000       0x29 STM32_103C6_Drivers/EXTI_DRIVER_STM32F103C6.o
 .debug_macro   0x0000000000000000       0xef STM32_103C6_Drivers/EXTI_DRIVER_STM32F103C6.o
 .debug_macro   0x0000000000000000       0x6a STM32_103C6_Drivers/EXTI_DRIVER_STM32F103C6.o
 .debug_macro   0x0000000000000000      0x1df STM32_103C6_Drivers/EXTI_DRIVER_STM32F103C6.o
 .debug_macro   0x0000000000000000      0x240 STM32_103C6_Drivers/EXTI_DRIVER_STM32F103C6.o
 .group         0x0000000000000000        0xc STM32_103C6_Drivers/GPIO_DRIVER_STM32F103C6.o
 .group         0x0000000000000000        0xc STM32_103C6_Drivers/GPIO_DRIVER_STM32F103C6.o
 .group         0x0000000000000000        0xc STM32_103C6_Drivers/GPIO_DRIVER_STM32F103C6.o
 .group         0x0000000000000000        0xc STM32_103C6_Drivers/GPIO_DRIVER_STM32F103C6.o
 .group         0x0000000000000000        0xc STM32_103C6_Drivers/GPIO_DRIVER_STM32F103C6.o
 .group         0x0000000000000000        0xc STM32_103C6_Drivers/GPIO_DRIVER_STM32F103C6.o
 .group         0x0000000000000000        0xc STM32_103C6_Drivers/GPIO_DRIVER_STM32F103C6.o
 .group         0x0000000000000000        0xc STM32_103C6_Drivers/GPIO_DRIVER_STM32F103C6.o
 .group         0x0000000000000000        0xc STM32_103C6_Drivers/GPIO_DRIVER_STM32F103C6.o
 .group         0x0000000000000000        0xc STM32_103C6_Drivers/GPIO_DRIVER_STM32F103C6.o
 .group         0x0000000000000000        0xc STM32_103C6_Drivers/GPIO_DRIVER_STM32F103C6.o
 .group         0x0000000000000000        0xc STM32_103C6_Drivers/GPIO_DRIVER_STM32F103C6.o
 .group         0x0000000000000000        0xc STM32_103C6_Drivers/GPIO_DRIVER_STM32F103C6.o
 .group         0x0000000000000000        0xc STM32_103C6_Drivers/GPIO_DRIVER_STM32F103C6.o
 .group         0x0000000000000000        0xc STM32_103C6_Drivers/GPIO_DRIVER_STM32F103C6.o
 .group         0x0000000000000000        0xc STM32_103C6_Drivers/GPIO_DRIVER_STM32F103C6.o
 .group         0x0000000000000000        0xc STM32_103C6_Drivers/GPIO_DRIVER_STM32F103C6.o
 .group         0x0000000000000000        0xc STM32_103C6_Drivers/GPIO_DRIVER_STM32F103C6.o
 .group         0x0000000000000000        0xc STM32_103C6_Drivers/GPIO_DRIVER_STM32F103C6.o
 .group         0x0000000000000000        0xc STM32_103C6_Drivers/GPIO_DRIVER_STM32F103C6.o
 .group         0x0000000000000000        0xc STM32_103C6_Drivers/GPIO_DRIVER_STM32F103C6.o
 .group         0x0000000000000000        0xc STM32_103C6_Drivers/GPIO_DRIVER_STM32F103C6.o
 .group         0x0000000000000000        0xc STM32_103C6_Drivers/GPIO_DRIVER_STM32F103C6.o
 .group         0x0000000000000000        0xc STM32_103C6_Drivers/GPIO_DRIVER_STM32F103C6.o
 .text          0x0000000000000000        0x0 STM32_103C6_Drivers/GPIO_DRIVER_STM32F103C6.o
 .data          0x0000000000000000        0x0 STM32_103C6_Drivers/GPIO_DRIVER_STM32F103C6.o
 .bss           0x0000000000000000        0x0 STM32_103C6_Drivers/GPIO_DRIVER_STM32F103C6.o
 .text.MCAL_GPIO_DeInit
                0x0000000000000000       0xd4 STM32_103C6_Drivers/GPIO_DRIVER_STM32F103C6.o
 .text.MCAL_GPIO_ReadPin
                0x0000000000000000       0x2e STM32_103C6_Drivers/GPIO_DRIVER_STM32F103C6.o
 .text.MCAL_GPIO_ReadPort
                0x0000000000000000       0x1a STM32_103C6_Drivers/GPIO_DRIVER_STM32F103C6.o
 .text.MCAL_GPIO_WritePin
                0x0000000000000000       0x2e STM32_103C6_Drivers/GPIO_DRIVER_STM32F103C6.o
 .text.MCAL_GPIO_WritePort
                0x0000000000000000       0x1c STM32_103C6_Drivers/GPIO_DRIVER_STM32F103C6.o
 .text.MCAL_GPIO_TogglePin
                0x0000000000000000       0x22 STM32_103C6_Drivers/GPIO_DRIVER_STM32F103C6.o
 .text.MCAL_GPIO_LockPin
                0x0000000000000000       0x4e STM32_103C6_Drivers/GPIO_DRIVER_STM32F103C6.o
 .debug_macro   0x0000000000000000      0xa60 STM32_103C6_Drivers/GPIO_DRIVER_STM32F103C6.o
 .debug_macro   0x0000000000000000       0x18 STM32_103C6_Drivers/GPIO_DRIVER_STM32F103C6.o
 .debug_macro   0x0000000000000000       0x22 STM32_103C6_Drivers/GPIO_DRIVER_STM32F103C6.o
 .debug_macro   0x0000000000000000       0x40 STM32_103C6_Drivers/GPIO_DRIVER_STM32F103C6.o
 .debug_macro   0x0000000000000000       0x94 STM32_103C6_Drivers/GPIO_DRIVER_STM32F103C6.o
 .debug_macro   0x0000000000000000       0x3c STM32_103C6_Drivers/GPIO_DRIVER_STM32F103C6.o
 .debug_macro   0x0000000000000000       0x34 STM32_103C6_Drivers/GPIO_DRIVER_STM32F103C6.o
 .debug_macro   0x0000000000000000       0x16 STM32_103C6_Drivers/GPIO_DRIVER_STM32F103C6.o
 .debug_macro   0x0000000000000000      0x10e STM32_103C6_Drivers/GPIO_DRIVER_STM32F103C6.o
 .debug_macro   0x0000000000000000       0x8d STM32_103C6_Drivers/GPIO_DRIVER_STM32F103C6.o
 .debug_macro   0x0000000000000000       0x57 STM32_103C6_Drivers/GPIO_DRIVER_STM32F103C6.o
 .debug_macro   0x0000000000000000       0x52 STM32_103C6_Drivers/GPIO_DRIVER_STM32F103C6.o
 .debug_macro   0x0000000000000000       0x1f STM32_103C6_Drivers/GPIO_DRIVER_STM32F103C6.o
 .debug_macro   0x0000000000000000       0x43 STM32_103C6_Drivers/GPIO_DRIVER_STM32F103C6.o
 .debug_macro   0x0000000000000000       0x20 STM32_103C6_Drivers/GPIO_DRIVER_STM32F103C6.o
 .debug_macro   0x0000000000000000      0x1a3 STM32_103C6_Drivers/GPIO_DRIVER_STM32F103C6.o
 .debug_macro   0x0000000000000000      0x330 STM32_103C6_Drivers/GPIO_DRIVER_STM32F103C6.o
 .debug_macro   0x0000000000000000       0x16 STM32_103C6_Drivers/GPIO_DRIVER_STM32F103C6.o
 .debug_macro   0x0000000000000000       0x29 STM32_103C6_Drivers/GPIO_DRIVER_STM32F103C6.o
 .debug_macro   0x0000000000000000       0xef STM32_103C6_Drivers/GPIO_DRIVER_STM32F103C6.o
 .debug_macro   0x0000000000000000       0x6a STM32_103C6_Drivers/GPIO_DRIVER_STM32F103C6.o
 .debug_macro   0x0000000000000000      0x1df STM32_103C6_Drivers/GPIO_DRIVER_STM32F103C6.o
 .debug_macro   0x0000000000000000      0x240 STM32_103C6_Drivers/GPIO_DRIVER_STM32F103C6.o
 .debug_macro   0x0000000000000000       0xd0 STM32_103C6_Drivers/GPIO_DRIVER_STM32F103C6.o
 .group         0x0000000000000000        0xc STM32_103C6_Drivers/RCC_DRIVER_STM32F103C6.o
 .group         0x0000000000000000        0xc STM32_103C6_Drivers/RCC_DRIVER_STM32F103C6.o
 .group         0x0000000000000000        0xc STM32_103C6_Drivers/RCC_DRIVER_STM32F103C6.o
 .group         0x0000000000000000        0xc STM32_103C6_Drivers/RCC_DRIVER_STM32F103C6.o
 .group         0x0000000000000000        0xc STM32_103C6_Drivers/RCC_DRIVER_STM32F103C6.o
 .group         0x0000000000000000        0xc STM32_103C6_Drivers/RCC_DRIVER_STM32F103C6.o
 .group         0x0000000000000000        0xc STM32_103C6_Drivers/RCC_DRIVER_STM32F103C6.o
 .group         0x0000000000000000        0xc STM32_103C6_Drivers/RCC_DRIVER_STM32F103C6.o
 .group         0x0000000000000000        0xc STM32_103C6_Drivers/RCC_DRIVER_STM32F103C6.o
 .group         0x0000000000000000        0xc STM32_103C6_Drivers/RCC_DRIVER_STM32F103C6.o
 .group         0x0000000000000000        0xc STM32_103C6_Drivers/RCC_DRIVER_STM32F103C6.o
 .group         0x0000000000000000        0xc STM32_103C6_Drivers/RCC_DRIVER_STM32F103C6.o
 .group         0x0000000000000000        0xc STM32_103C6_Drivers/RCC_DRIVER_STM32F103C6.o
 .group         0x0000000000000000        0xc STM32_103C6_Drivers/RCC_DRIVER_STM32F103C6.o
 .group         0x0000000000000000        0xc STM32_103C6_Drivers/RCC_DRIVER_STM32F103C6.o
 .group         0x0000000000000000        0xc STM32_103C6_Drivers/RCC_DRIVER_STM32F103C6.o
 .group         0x0000000000000000        0xc STM32_103C6_Drivers/RCC_DRIVER_STM32F103C6.o
 .group         0x0000000000000000        0xc STM32_103C6_Drivers/RCC_DRIVER_STM32F103C6.o
 .group         0x0000000000000000        0xc STM32_103C6_Drivers/RCC_DRIVER_STM32F103C6.o
 .group         0x0000000000000000        0xc STM32_103C6_Drivers/RCC_DRIVER_STM32F103C6.o
 .group         0x0000000000000000        0xc STM32_103C6_Drivers/RCC_DRIVER_STM32F103C6.o
 .group         0x0000000000000000        0xc STM32_103C6_Drivers/RCC_DRIVER_STM32F103C6.o
 .group         0x0000000000000000        0xc STM32_103C6_Drivers/RCC_DRIVER_STM32F103C6.o
 .group         0x0000000000000000        0xc STM32_103C6_Drivers/RCC_DRIVER_STM32F103C6.o
 .group         0x0000000000000000        0xc STM32_103C6_Drivers/RCC_DRIVER_STM32F103C6.o
 .group         0x0000000000000000        0xc STM32_103C6_Drivers/RCC_DRIVER_STM32F103C6.o
 .text          0x0000000000000000        0x0 STM32_103C6_Drivers/RCC_DRIVER_STM32F103C6.o
 .data          0x0000000000000000        0x0 STM32_103C6_Drivers/RCC_DRIVER_STM32F103C6.o
 .bss           0x0000000000000000        0x0 STM32_103C6_Drivers/RCC_DRIVER_STM32F103C6.o
 .debug_macro   0x0000000000000000      0xa60 STM32_103C6_Drivers/RCC_DRIVER_STM32F103C6.o
 .debug_macro   0x0000000000000000       0x18 STM32_103C6_Drivers/RCC_DRIVER_STM32F103C6.o
 .debug_macro   0x0000000000000000       0x22 STM32_103C6_Drivers/RCC_DRIVER_STM32F103C6.o
 .debug_macro   0x0000000000000000       0x40 STM32_103C6_Drivers/RCC_DRIVER_STM32F103C6.o
 .debug_macro   0x0000000000000000       0x94 STM32_103C6_Drivers/RCC_DRIVER_STM32F103C6.o
 .debug_macro   0x0000000000000000       0x3c STM32_103C6_Drivers/RCC_DRIVER_STM32F103C6.o
 .debug_macro   0x0000000000000000       0x34 STM32_103C6_Drivers/RCC_DRIVER_STM32F103C6.o
 .debug_macro   0x0000000000000000       0x16 STM32_103C6_Drivers/RCC_DRIVER_STM32F103C6.o
 .debug_macro   0x0000000000000000      0x10e STM32_103C6_Drivers/RCC_DRIVER_STM32F103C6.o
 .debug_macro   0x0000000000000000       0x8d STM32_103C6_Drivers/RCC_DRIVER_STM32F103C6.o
 .debug_macro   0x0000000000000000       0x57 STM32_103C6_Drivers/RCC_DRIVER_STM32F103C6.o
 .debug_macro   0x0000000000000000       0x52 STM32_103C6_Drivers/RCC_DRIVER_STM32F103C6.o
 .debug_macro   0x0000000000000000       0x1f STM32_103C6_Drivers/RCC_DRIVER_STM32F103C6.o
 .debug_macro   0x0000000000000000       0x43 STM32_103C6_Drivers/RCC_DRIVER_STM32F103C6.o
 .debug_macro   0x0000000000000000       0x20 STM32_103C6_Drivers/RCC_DRIVER_STM32F103C6.o
 .debug_macro   0x0000000000000000      0x1a3 STM32_103C6_Drivers/RCC_DRIVER_STM32F103C6.o
 .debug_macro   0x0000000000000000      0x330 STM32_103C6_Drivers/RCC_DRIVER_STM32F103C6.o
 .debug_macro   0x0000000000000000       0x16 STM32_103C6_Drivers/RCC_DRIVER_STM32F103C6.o
 .debug_macro   0x0000000000000000       0x29 STM32_103C6_Drivers/RCC_DRIVER_STM32F103C6.o
 .debug_macro   0x0000000000000000       0xef STM32_103C6_Drivers/RCC_DRIVER_STM32F103C6.o
 .debug_macro   0x0000000000000000       0x6a STM32_103C6_Drivers/RCC_DRIVER_STM32F103C6.o
 .debug_macro   0x0000000000000000      0x1df STM32_103C6_Drivers/RCC_DRIVER_STM32F103C6.o
 .debug_macro   0x0000000000000000      0x240 STM32_103C6_Drivers/RCC_DRIVER_STM32F103C6.o
 .debug_macro   0x0000000000000000       0xd6 STM32_103C6_Drivers/RCC_DRIVER_STM32F103C6.o
 .group         0x0000000000000000        0xc STM32_103C6_Drivers/USART_DRIVER_STM32F103C6.o
 .group         0x0000000000000000        0xc STM32_103C6_Drivers/USART_DRIVER_STM32F103C6.o
 .group         0x0000000000000000        0xc STM32_103C6_Drivers/USART_DRIVER_STM32F103C6.o
 .group         0x0000000000000000        0xc STM32_103C6_Drivers/USART_DRIVER_STM32F103C6.o
 .group         0x0000000000000000        0xc STM32_103C6_Drivers/USART_DRIVER_STM32F103C6.o
 .group         0x0000000000000000        0xc STM32_103C6_Drivers/USART_DRIVER_STM32F103C6.o
 .group         0x0000000000000000        0xc STM32_103C6_Drivers/USART_DRIVER_STM32F103C6.o
 .group         0x0000000000000000        0xc STM32_103C6_Drivers/USART_DRIVER_STM32F103C6.o
 .group         0x0000000000000000        0xc STM32_103C6_Drivers/USART_DRIVER_STM32F103C6.o
 .group         0x0000000000000000        0xc STM32_103C6_Drivers/USART_DRIVER_STM32F103C6.o
 .group         0x0000000000000000        0xc STM32_103C6_Drivers/USART_DRIVER_STM32F103C6.o
 .group         0x0000000000000000        0xc STM32_103C6_Drivers/USART_DRIVER_STM32F103C6.o
 .group         0x0000000000000000        0xc STM32_103C6_Drivers/USART_DRIVER_STM32F103C6.o
 .group         0x0000000000000000        0xc STM32_103C6_Drivers/USART_DRIVER_STM32F103C6.o
 .group         0x0000000000000000        0xc STM32_103C6_Drivers/USART_DRIVER_STM32F103C6.o
 .group         0x0000000000000000        0xc STM32_103C6_Drivers/USART_DRIVER_STM32F103C6.o
 .group         0x0000000000000000        0xc STM32_103C6_Drivers/USART_DRIVER_STM32F103C6.o
 .group         0x0000000000000000        0xc STM32_103C6_Drivers/USART_DRIVER_STM32F103C6.o
 .group         0x0000000000000000        0xc STM32_103C6_Drivers/USART_DRIVER_STM32F103C6.o
 .group         0x0000000000000000        0xc STM32_103C6_Drivers/USART_DRIVER_STM32F103C6.o
 .group         0x0000000000000000        0xc STM32_103C6_Drivers/USART_DRIVER_STM32F103C6.o
 .group         0x0000000000000000        0xc STM32_103C6_Drivers/USART_DRIVER_STM32F103C6.o
 .group         0x0000000000000000        0xc STM32_103C6_Drivers/USART_DRIVER_STM32F103C6.o
 .group         0x0000000000000000        0xc STM32_103C6_Drivers/USART_DRIVER_STM32F103C6.o
 .group         0x0000000000000000        0xc STM32_103C6_Drivers/USART_DRIVER_STM32F103C6.o
 .group         0x0000000000000000        0xc STM32_103C6_Drivers/USART_DRIVER_STM32F103C6.o
 .group         0x0000000000000000        0xc STM32_103C6_Drivers/USART_DRIVER_STM32F103C6.o
 .text          0x0000000000000000        0x0 STM32_103C6_Drivers/USART_DRIVER_STM32F103C6.o
 .data          0x0000000000000000        0x0 STM32_103C6_Drivers/USART_DRIVER_STM32F103C6.o
 .bss           0x0000000000000000        0x0 STM32_103C6_Drivers/USART_DRIVER_STM32F103C6.o
 .text.MCAL_UART_DeInit
                0x0000000000000000       0x8c STM32_103C6_Drivers/USART_DRIVER_STM32F103C6.o
 .text.MCAL_UART_Wait_Transmit_Complete
                0x0000000000000000       0x20 STM32_103C6_Drivers/USART_DRIVER_STM32F103C6.o
 .debug_macro   0x0000000000000000      0xa60 STM32_103C6_Drivers/USART_DRIVER_STM32F103C6.o
 .debug_macro   0x0000000000000000       0x18 STM32_103C6_Drivers/USART_DRIVER_STM32F103C6.o
 .debug_macro   0x0000000000000000       0x22 STM32_103C6_Drivers/USART_DRIVER_STM32F103C6.o
 .debug_macro   0x0000000000000000       0x40 STM32_103C6_Drivers/USART_DRIVER_STM32F103C6.o
 .debug_macro   0x0000000000000000       0x94 STM32_103C6_Drivers/USART_DRIVER_STM32F103C6.o
 .debug_macro   0x0000000000000000       0x3c STM32_103C6_Drivers/USART_DRIVER_STM32F103C6.o
 .debug_macro   0x0000000000000000       0x34 STM32_103C6_Drivers/USART_DRIVER_STM32F103C6.o
 .debug_macro   0x0000000000000000       0x16 STM32_103C6_Drivers/USART_DRIVER_STM32F103C6.o
 .debug_macro   0x0000000000000000      0x10e STM32_103C6_Drivers/USART_DRIVER_STM32F103C6.o
 .debug_macro   0x0000000000000000       0x8d STM32_103C6_Drivers/USART_DRIVER_STM32F103C6.o
 .debug_macro   0x0000000000000000       0x57 STM32_103C6_Drivers/USART_DRIVER_STM32F103C6.o
 .debug_macro   0x0000000000000000       0x52 STM32_103C6_Drivers/USART_DRIVER_STM32F103C6.o
 .debug_macro   0x0000000000000000       0x1f STM32_103C6_Drivers/USART_DRIVER_STM32F103C6.o
 .debug_macro   0x0000000000000000       0x43 STM32_103C6_Drivers/USART_DRIVER_STM32F103C6.o
 .debug_macro   0x0000000000000000       0x20 STM32_103C6_Drivers/USART_DRIVER_STM32F103C6.o
 .debug_macro   0x0000000000000000      0x1a3 STM32_103C6_Drivers/USART_DRIVER_STM32F103C6.o
 .debug_macro   0x0000000000000000      0x330 STM32_103C6_Drivers/USART_DRIVER_STM32F103C6.o
 .debug_macro   0x0000000000000000       0x16 STM32_103C6_Drivers/USART_DRIVER_STM32F103C6.o
 .debug_macro   0x0000000000000000       0x29 STM32_103C6_Drivers/USART_DRIVER_STM32F103C6.o
 .debug_macro   0x0000000000000000       0xef STM32_103C6_Drivers/USART_DRIVER_STM32F103C6.o
 .debug_macro   0x0000000000000000       0x6a STM32_103C6_Drivers/USART_DRIVER_STM32F103C6.o
 .debug_macro   0x0000000000000000      0x1df STM32_103C6_Drivers/USART_DRIVER_STM32F103C6.o
 .debug_macro   0x0000000000000000      0x240 STM32_103C6_Drivers/USART_DRIVER_STM32F103C6.o
 .debug_macro   0x0000000000000000       0xd6 STM32_103C6_Drivers/USART_DRIVER_STM32F103C6.o
 .debug_macro   0x0000000000000000      0x21d STM32_103C6_Drivers/USART_DRIVER_STM32F103C6.o
 .group         0x0000000000000000        0xc Src/main.o
 .group         0x0000000000000000        0xc Src/main.o
 .group         0x0000000000000000        0xc Src/main.o
 .group         0x0000000000000000        0xc Src/main.o
 .group         0x0000000000000000        0xc Src/main.o
 .group         0x0000000000000000        0xc Src/main.o
 .group         0x0000000000000000        0xc Src/main.o
 .group         0x0000000000000000        0xc Src/main.o
 .group         0x0000000000000000        0xc Src/main.o
 .group         0x0000000000000000        0xc Src/main.o
 .group         0x0000000000000000        0xc Src/main.o
 .group         0x0000000000000000        0xc Src/main.o
 .group         0x0000000000000000        0xc Src/main.o
 .group         0x0000000000000000        0xc Src/main.o
 .group         0x0000000000000000        0xc Src/main.o
 .group         0x0000000000000000        0xc Src/main.o
 .group         0x0000000000000000        0xc Src/main.o
 .group         0x0000000000000000        0xc Src/main.o
 .group         0x0000000000000000        0xc Src/main.o
 .group         0x0000000000000000        0xc Src/main.o
 .group         0x0000000000000000        0xc Src/main.o
 .group         0x0000000000000000        0xc Src/main.o
 .group         0x0000000000000000        0xc Src/main.o
 .group         0x0000000000000000        0xc Src/main.o
 .group         0x0000000000000000        0xc Src/main.o
 .group         0x0000000000000000        0xc Src/main.o
 .group         0x0000000000000000        0xc Src/main.o
 .group         0x0000000000000000        0xc Src/main.o
 .group         0x0000000000000000        0xc Src/main.o
 .text          0x0000000000000000        0x0 Src/main.o
 .data          0x0000000000000000        0x0 Src/main.o
 .bss           0x0000000000000000        0x0 Src/main.o
 .debug_macro   0x0000000000000000      0xa60 Src/main.o
 .debug_macro   0x0000000000000000       0x18 Src/main.o
 .debug_macro   0x0000000000000000       0x22 Src/main.o
 .debug_macro   0x0000000000000000       0x40 Src/main.o
 .debug_macro   0x0000000000000000       0x94 Src/main.o
 .debug_macro   0x0000000000000000       0x3c Src/main.o
 .debug_macro   0x0000000000000000       0x34 Src/main.o
 .debug_macro   0x0000000000000000       0x16 Src/main.o
 .debug_macro   0x0000000000000000      0x10e Src/main.o
 .debug_macro   0x0000000000000000       0x8d Src/main.o
 .debug_macro   0x0000000000000000       0x57 Src/main.o
 .debug_macro   0x0000000000000000       0x52 Src/main.o
 .debug_macro   0x0000000000000000       0x1f Src/main.o
 .debug_macro   0x0000000000000000       0x43 Src/main.o
 .debug_macro   0x0000000000000000       0x20 Src/main.o
 .debug_macro   0x0000000000000000      0x1a3 Src/main.o
 .debug_macro   0x0000000000000000      0x330 Src/main.o
 .debug_macro   0x0000000000000000       0x16 Src/main.o
 .debug_macro   0x0000000000000000       0x29 Src/main.o
 .debug_macro   0x0000000000000000       0xef Src/main.o
 .debug_macro   0x0000000000000000       0x6a Src/main.o
 .debug_macro   0x0000000000000000      0x1df Src/main.o
 .debug_macro   0x0000000000000000      0x240 Src/main.o
 .debug_macro   0x0000000000000000       0xd0 Src/main.o
 .debug_macro   0x0000000000000000      0x217 Src/main.o
 .debug_macro   0x0000000000000000       0x16 Src/main.o
 .debug_macro   0x0000000000000000       0xe2 Src/main.o
 .group         0x0000000000000000        0xc Src/syscalls.o
 .group         0x0000000000000000        0xc Src/syscalls.o
 .group         0x0000000000000000        0xc Src/syscalls.o
 .group         0x0000000000000000        0xc Src/syscalls.o
 .group         0x0000000000000000        0xc Src/syscalls.o
 .group         0x0000000000000000        0xc Src/syscalls.o
 .group         0x0000000000000000        0xc Src/syscalls.o
 .group         0x0000000000000000        0xc Src/syscalls.o
 .group         0x0000000000000000        0xc Src/syscalls.o
 .group         0x0000000000000000        0xc Src/syscalls.o
 .group         0x0000000000000000        0xc Src/syscalls.o
 .group         0x0000000000000000        0xc Src/syscalls.o
 .group         0x0000000000000000        0xc Src/syscalls.o
 .group         0x0000000000000000        0xc Src/syscalls.o
 .group         0x0000000000000000        0xc Src/syscalls.o
 .group         0x0000000000000000        0xc Src/syscalls.o
 .group         0x0000000000000000        0xc Src/syscalls.o
 .group         0x0000000000000000        0xc Src/syscalls.o
 .group         0x0000000000000000        0xc Src/syscalls.o
 .group         0x0000000000000000        0xc Src/syscalls.o
 .group         0x0000000000000000        0xc Src/syscalls.o
 .group         0x0000000000000000        0xc Src/syscalls.o
 .group         0x0000000000000000        0xc Src/syscalls.o
 .group         0x0000000000000000        0xc Src/syscalls.o
 .group         0x0000000000000000        0xc Src/syscalls.o
 .group         0x0000000000000000        0xc Src/syscalls.o
 .group         0x0000000000000000        0xc Src/syscalls.o
 .group         0x0000000000000000        0xc Src/syscalls.o
 .group         0x0000000000000000        0xc Src/syscalls.o
 .group         0x0000000000000000        0xc Src/syscalls.o
 .group         0x0000000000000000        0xc Src/syscalls.o
 .group         0x0000000000000000        0xc Src/syscalls.o
 .group         0x0000000000000000        0xc Src/syscalls.o
 .group         0x0000000000000000        0xc Src/syscalls.o
 .group         0x0000000000000000        0xc Src/syscalls.o
 .group         0x0000000000000000        0xc Src/syscalls.o
 .group         0x0000000000000000        0xc Src/syscalls.o
 .group         0x0000000000000000        0xc Src/syscalls.o
 .group         0x0000000000000000        0xc Src/syscalls.o
 .group         0x0000000000000000        0xc Src/syscalls.o
 .group         0x0000000000000000        0xc Src/syscalls.o
 .group         0x0000000000000000        0xc Src/syscalls.o
 .group         0x0000000000000000        0xc Src/syscalls.o
 .group         0x0000000000000000        0xc Src/syscalls.o
 .text          0x0000000000000000        0x0 Src/syscalls.o
 .data          0x0000000000000000        0x0 Src/syscalls.o
 .bss           0x0000000000000000        0x0 Src/syscalls.o
 .bss.__env     0x0000000000000000        0x4 Src/syscalls.o
 .data.environ  0x0000000000000000        0x4 Src/syscalls.o
 .text.initialise_monitor_handles
                0x0000000000000000        0xc Src/syscalls.o
 .text._getpid  0x0000000000000000        0xe Src/syscalls.o
 .text._kill    0x0000000000000000       0x20 Src/syscalls.o
 .text._exit    0x0000000000000000       0x14 Src/syscalls.o
 .text._read    0x0000000000000000       0x3a Src/syscalls.o
 .text._write   0x0000000000000000       0x38 Src/syscalls.o
 .text._close   0x0000000000000000       0x16 Src/syscalls.o
 .text._fstat   0x0000000000000000       0x1e Src/syscalls.o
 .text._isatty  0x0000000000000000       0x14 Src/syscalls.o
 .text._lseek   0x0000000000000000       0x18 Src/syscalls.o
 .text._open    0x0000000000000000       0x1a Src/syscalls.o
 .text._wait    0x0000000000000000       0x1e Src/syscalls.o
 .text._unlink  0x0000000000000000       0x1e Src/syscalls.o
 .text._times   0x0000000000000000       0x16 Src/syscalls.o
 .text._stat    0x0000000000000000       0x1e Src/syscalls.o
 .text._link    0x0000000000000000       0x20 Src/syscalls.o
 .text._fork    0x0000000000000000       0x16 Src/syscalls.o
 .text._execve  0x0000000000000000       0x22 Src/syscalls.o
 .debug_info    0x0000000000000000     0x1038 Src/syscalls.o
 .debug_abbrev  0x0000000000000000      0x254 Src/syscalls.o
 .debug_loc     0x0000000000000000      0x5b8 Src/syscalls.o
 .debug_aranges
                0x0000000000000000       0xa8 Src/syscalls.o
 .debug_ranges  0x0000000000000000       0x98 Src/syscalls.o
 .debug_macro   0x0000000000000000      0x243 Src/syscalls.o
 .debug_macro   0x0000000000000000      0xa60 Src/syscalls.o
 .debug_macro   0x0000000000000000       0x22 Src/syscalls.o
 .debug_macro   0x0000000000000000       0x40 Src/syscalls.o
 .debug_macro   0x0000000000000000       0x18 Src/syscalls.o
 .debug_macro   0x0000000000000000       0x94 Src/syscalls.o
 .debug_macro   0x0000000000000000       0x3c Src/syscalls.o
 .debug_macro   0x0000000000000000       0x34 Src/syscalls.o
 .debug_macro   0x0000000000000000       0x57 Src/syscalls.o
 .debug_macro   0x0000000000000000      0x174 Src/syscalls.o
 .debug_macro   0x0000000000000000      0x330 Src/syscalls.o
 .debug_macro   0x0000000000000000       0x52 Src/syscalls.o
 .debug_macro   0x0000000000000000       0x1f Src/syscalls.o
 .debug_macro   0x0000000000000000       0x43 Src/syscalls.o
 .debug_macro   0x0000000000000000       0x20 Src/syscalls.o
 .debug_macro   0x0000000000000000      0x1a3 Src/syscalls.o
 .debug_macro   0x0000000000000000       0x10 Src/syscalls.o
 .debug_macro   0x0000000000000000       0x35 Src/syscalls.o
 .debug_macro   0x0000000000000000       0x10 Src/syscalls.o
 .debug_macro   0x0000000000000000       0x10 Src/syscalls.o
 .debug_macro   0x0000000000000000       0x10 Src/syscalls.o
 .debug_macro   0x0000000000000000       0x6a Src/syscalls.o
 .debug_macro   0x0000000000000000       0x1c Src/syscalls.o
 .debug_macro   0x0000000000000000       0x52 Src/syscalls.o
 .debug_macro   0x0000000000000000       0x40 Src/syscalls.o
 .debug_macro   0x0000000000000000       0x10 Src/syscalls.o
 .debug_macro   0x0000000000000000       0x40 Src/syscalls.o
 .debug_macro   0x0000000000000000       0xd7 Src/syscalls.o
 .debug_macro   0x0000000000000000       0x1c Src/syscalls.o
 .debug_macro   0x0000000000000000       0x3d Src/syscalls.o
 .debug_macro   0x0000000000000000       0x35 Src/syscalls.o
 .debug_macro   0x0000000000000000      0x122 Src/syscalls.o
 .debug_macro   0x0000000000000000       0x16 Src/syscalls.o
 .debug_macro   0x0000000000000000       0x16 Src/syscalls.o
 .debug_macro   0x0000000000000000       0x29 Src/syscalls.o
 .debug_macro   0x0000000000000000       0x10 Src/syscalls.o
 .debug_macro   0x0000000000000000      0x241 Src/syscalls.o
 .debug_macro   0x0000000000000000       0x1c Src/syscalls.o
 .debug_macro   0x0000000000000000       0x10 Src/syscalls.o
 .debug_macro   0x0000000000000000       0x10 Src/syscalls.o
 .debug_macro   0x0000000000000000       0x16 Src/syscalls.o
 .debug_macro   0x0000000000000000      0x145 Src/syscalls.o
 .debug_macro   0x0000000000000000      0x189 Src/syscalls.o
 .debug_macro   0x0000000000000000       0x16 Src/syscalls.o
 .debug_macro   0x0000000000000000       0x88 Src/syscalls.o
 .debug_line    0x0000000000000000      0x885 Src/syscalls.o
 .debug_str     0x0000000000000000     0x8873 Src/syscalls.o
 .comment       0x0000000000000000       0x7c Src/syscalls.o
 .debug_frame   0x0000000000000000      0x2ac Src/syscalls.o
 .ARM.attributes
                0x0000000000000000       0x33 Src/syscalls.o
 .group         0x0000000000000000        0xc Src/sysmem.o
 .group         0x0000000000000000        0xc Src/sysmem.o
 .group         0x0000000000000000        0xc Src/sysmem.o
 .group         0x0000000000000000        0xc Src/sysmem.o
 .group         0x0000000000000000        0xc Src/sysmem.o
 .group         0x0000000000000000        0xc Src/sysmem.o
 .group         0x0000000000000000        0xc Src/sysmem.o
 .group         0x0000000000000000        0xc Src/sysmem.o
 .group         0x0000000000000000        0xc Src/sysmem.o
 .group         0x0000000000000000        0xc Src/sysmem.o
 .group         0x0000000000000000        0xc Src/sysmem.o
 .group         0x0000000000000000        0xc Src/sysmem.o
 .group         0x0000000000000000        0xc Src/sysmem.o
 .group         0x0000000000000000        0xc Src/sysmem.o
 .group         0x0000000000000000        0xc Src/sysmem.o
 .group         0x0000000000000000        0xc Src/sysmem.o
 .group         0x0000000000000000        0xc Src/sysmem.o
 .group         0x0000000000000000        0xc Src/sysmem.o
 .group         0x0000000000000000        0xc Src/sysmem.o
 .text          0x0000000000000000        0x0 Src/sysmem.o
 .data          0x0000000000000000        0x0 Src/sysmem.o
 .bss           0x0000000000000000        0x0 Src/sysmem.o
 .bss.__sbrk_heap_end
                0x0000000000000000        0x4 Src/sysmem.o
 .text._sbrk    0x0000000000000000       0x6c Src/sysmem.o
 .debug_info    0x0000000000000000      0xa7c Src/sysmem.o
 .debug_abbrev  0x0000000000000000      0x18e Src/sysmem.o
 .debug_loc     0x0000000000000000       0x50 Src/sysmem.o
 .debug_aranges
                0x0000000000000000       0x20 Src/sysmem.o
 .debug_ranges  0x0000000000000000       0x10 Src/sysmem.o
 .debug_macro   0x0000000000000000       0xee Src/sysmem.o
 .debug_macro   0x0000000000000000      0xa60 Src/sysmem.o
 .debug_macro   0x0000000000000000       0x10 Src/sysmem.o
 .debug_macro   0x0000000000000000       0x22 Src/sysmem.o
 .debug_macro   0x0000000000000000       0x40 Src/sysmem.o
 .debug_macro   0x0000000000000000       0x18 Src/sysmem.o
 .debug_macro   0x0000000000000000       0x94 Src/sysmem.o
 .debug_macro   0x0000000000000000       0x3c Src/sysmem.o
 .debug_macro   0x0000000000000000       0x34 Src/sysmem.o
 .debug_macro   0x0000000000000000      0x174 Src/sysmem.o
 .debug_macro   0x0000000000000000       0x57 Src/sysmem.o
 .debug_macro   0x0000000000000000       0x52 Src/sysmem.o
 .debug_macro   0x0000000000000000       0x1f Src/sysmem.o
 .debug_macro   0x0000000000000000       0x43 Src/sysmem.o
 .debug_macro   0x0000000000000000       0x20 Src/sysmem.o
 .debug_macro   0x0000000000000000      0x1a3 Src/sysmem.o
 .debug_macro   0x0000000000000000      0x23b Src/sysmem.o
 .debug_macro   0x0000000000000000       0xef Src/sysmem.o
 .debug_macro   0x0000000000000000       0x6a Src/sysmem.o
 .debug_macro   0x0000000000000000      0x1df Src/sysmem.o
 .debug_line    0x0000000000000000      0x60e Src/sysmem.o
 .debug_str     0x0000000000000000     0x5f41 Src/sysmem.o
 .comment       0x0000000000000000       0x7c Src/sysmem.o
 .debug_frame   0x0000000000000000       0x34 Src/sysmem.o
 .ARM.attributes
                0x0000000000000000       0x33 Src/sysmem.o
 .text          0x0000000000000000       0x14 Startup/startup_stm32f103c6tx.o
 .data          0x0000000000000000        0x0 Startup/startup_stm32f103c6tx.o
 .bss           0x0000000000000000        0x0 Startup/startup_stm32f103c6tx.o
 .text          0x0000000000000000        0x0 c:/program files (x86)/stm32cubeide_1.4.0/stm32cubeide/plugins/com.st.stm32cube.ide.mcu.externaltools.gnu-tools-for-stm32.7-2018-q2-update.win32_1.4.0.202007081208/tools/bin/../lib/gcc/arm-none-eabi/7.3.1/../../../../arm-none-eabi/lib/thumb/v7-m\libc_nano.a(lib_a-errno.o)
 .data          0x0000000000000000        0x0 c:/program files (x86)/stm32cubeide_1.4.0/stm32cubeide/plugins/com.st.stm32cube.ide.mcu.externaltools.gnu-tools-for-stm32.7-2018-q2-update.win32_1.4.0.202007081208/tools/bin/../lib/gcc/arm-none-eabi/7.3.1/../../../../arm-none-eabi/lib/thumb/v7-m\libc_nano.a(lib_a-errno.o)
 .bss           0x0000000000000000        0x0 c:/program files (x86)/stm32cubeide_1.4.0/stm32cubeide/plugins/com.st.stm32cube.ide.mcu.externaltools.gnu-tools-for-stm32.7-2018-q2-update.win32_1.4.0.202007081208/tools/bin/../lib/gcc/arm-none-eabi/7.3.1/../../../../arm-none-eabi/lib/thumb/v7-m\libc_nano.a(lib_a-errno.o)
 .text.__errno  0x0000000000000000        0xc c:/program files (x86)/stm32cubeide_1.4.0/stm32cubeide/plugins/com.st.stm32cube.ide.mcu.externaltools.gnu-tools-for-stm32.7-2018-q2-update.win32_1.4.0.202007081208/tools/bin/../lib/gcc/arm-none-eabi/7.3.1/../../../../arm-none-eabi/lib/thumb/v7-m\libc_nano.a(lib_a-errno.o)
 .debug_frame   0x0000000000000000       0x20 c:/program files (x86)/stm32cubeide_1.4.0/stm32cubeide/plugins/com.st.stm32cube.ide.mcu.externaltools.gnu-tools-for-stm32.7-2018-q2-update.win32_1.4.0.202007081208/tools/bin/../lib/gcc/arm-none-eabi/7.3.1/../../../../arm-none-eabi/lib/thumb/v7-m\libc_nano.a(lib_a-errno.o)
 .ARM.attributes
                0x0000000000000000       0x2d c:/program files (x86)/stm32cubeide_1.4.0/stm32cubeide/plugins/com.st.stm32cube.ide.mcu.externaltools.gnu-tools-for-stm32.7-2018-q2-update.win32_1.4.0.202007081208/tools/bin/../lib/gcc/arm-none-eabi/7.3.1/../../../../arm-none-eabi/lib/thumb/v7-m\libc_nano.a(lib_a-errno.o)
 .text          0x0000000000000000        0x0 c:/program files (x86)/stm32cubeide_1.4.0/stm32cubeide/plugins/com.st.stm32cube.ide.mcu.externaltools.gnu-tools-for-stm32.7-2018-q2-update.win32_1.4.0.202007081208/tools/bin/../lib/gcc/arm-none-eabi/7.3.1/../../../../arm-none-eabi/lib/thumb/v7-m\libc_nano.a(lib_a-exit.o)
 .data          0x0000000000000000        0x0 c:/program files (x86)/stm32cubeide_1.4.0/stm32cubeide/plugins/com.st.stm32cube.ide.mcu.externaltools.gnu-tools-for-stm32.7-2018-q2-update.win32_1.4.0.202007081208/tools/bin/../lib/gcc/arm-none-eabi/7.3.1/../../../../arm-none-eabi/lib/thumb/v7-m\libc_nano.a(lib_a-exit.o)
 .bss           0x0000000000000000        0x0 c:/program files (x86)/stm32cubeide_1.4.0/stm32cubeide/plugins/com.st.stm32cube.ide.mcu.externaltools.gnu-tools-for-stm32.7-2018-q2-update.win32_1.4.0.202007081208/tools/bin/../lib/gcc/arm-none-eabi/7.3.1/../../../../arm-none-eabi/lib/thumb/v7-m\libc_nano.a(lib_a-exit.o)
 .text.exit     0x0000000000000000       0x28 c:/program files (x86)/stm32cubeide_1.4.0/stm32cubeide/plugins/com.st.stm32cube.ide.mcu.externaltools.gnu-tools-for-stm32.7-2018-q2-update.win32_1.4.0.202007081208/tools/bin/../lib/gcc/arm-none-eabi/7.3.1/../../../../arm-none-eabi/lib/thumb/v7-m\libc_nano.a(lib_a-exit.o)
 .debug_frame   0x0000000000000000       0x28 c:/program files (x86)/stm32cubeide_1.4.0/stm32cubeide/plugins/com.st.stm32cube.ide.mcu.externaltools.gnu-tools-for-stm32.7-2018-q2-update.win32_1.4.0.202007081208/tools/bin/../lib/gcc/arm-none-eabi/7.3.1/../../../../arm-none-eabi/lib/thumb/v7-m\libc_nano.a(lib_a-exit.o)
 .ARM.attributes
                0x0000000000000000       0x2d c:/program files (x86)/stm32cubeide_1.4.0/stm32cubeide/plugins/com.st.stm32cube.ide.mcu.externaltools.gnu-tools-for-stm32.7-2018-q2-update.win32_1.4.0.202007081208/tools/bin/../lib/gcc/arm-none-eabi/7.3.1/../../../../arm-none-eabi/lib/thumb/v7-m\libc_nano.a(lib_a-exit.o)
 .text          0x0000000000000000        0x0 c:/program files (x86)/stm32cubeide_1.4.0/stm32cubeide/plugins/com.st.stm32cube.ide.mcu.externaltools.gnu-tools-for-stm32.7-2018-q2-update.win32_1.4.0.202007081208/tools/bin/../lib/gcc/arm-none-eabi/7.3.1/../../../../arm-none-eabi/lib/thumb/v7-m\libc_nano.a(lib_a-impure.o)
 .data          0x0000000000000000        0x0 c:/program files (x86)/stm32cubeide_1.4.0/stm32cubeide/plugins/com.st.stm32cube.ide.mcu.externaltools.gnu-tools-for-stm32.7-2018-q2-update.win32_1.4.0.202007081208/tools/bin/../lib/gcc/arm-none-eabi/7.3.1/../../../../arm-none-eabi/lib/thumb/v7-m\libc_nano.a(lib_a-impure.o)
 .bss           0x0000000000000000        0x0 c:/program files (x86)/stm32cubeide_1.4.0/stm32cubeide/plugins/com.st.stm32cube.ide.mcu.externaltools.gnu-tools-for-stm32.7-2018-q2-update.win32_1.4.0.202007081208/tools/bin/../lib/gcc/arm-none-eabi/7.3.1/../../../../arm-none-eabi/lib/thumb/v7-m\libc_nano.a(lib_a-impure.o)
 .data._impure_ptr
                0x0000000000000000        0x4 c:/program files (x86)/stm32cubeide_1.4.0/stm32cubeide/plugins/com.st.stm32cube.ide.mcu.externaltools.gnu-tools-for-stm32.7-2018-q2-update.win32_1.4.0.202007081208/tools/bin/../lib/gcc/arm-none-eabi/7.3.1/../../../../arm-none-eabi/lib/thumb/v7-m\libc_nano.a(lib_a-impure.o)
 .data.impure_data
                0x0000000000000000       0x60 c:/program files (x86)/stm32cubeide_1.4.0/stm32cubeide/plugins/com.st.stm32cube.ide.mcu.externaltools.gnu-tools-for-stm32.7-2018-q2-update.win32_1.4.0.202007081208/tools/bin/../lib/gcc/arm-none-eabi/7.3.1/../../../../arm-none-eabi/lib/thumb/v7-m\libc_nano.a(lib_a-impure.o)
 .rodata._global_impure_ptr
                0x0000000000000000        0x4 c:/program files (x86)/stm32cubeide_1.4.0/stm32cubeide/plugins/com.st.stm32cube.ide.mcu.externaltools.gnu-tools-for-stm32.7-2018-q2-update.win32_1.4.0.202007081208/tools/bin/../lib/gcc/arm-none-eabi/7.3.1/../../../../arm-none-eabi/lib/thumb/v7-m\libc_nano.a(lib_a-impure.o)
 .ARM.attributes
                0x0000000000000000       0x2d c:/program files (x86)/stm32cubeide_1.4.0/stm32cubeide/plugins/com.st.stm32cube.ide.mcu.externaltools.gnu-tools-for-stm32.7-2018-q2-update.win32_1.4.0.202007081208/tools/bin/../lib/gcc/arm-none-eabi/7.3.1/../../../../arm-none-eabi/lib/thumb/v7-m\libc_nano.a(lib_a-impure.o)
 .text          0x0000000000000000        0x0 c:/program files (x86)/stm32cubeide_1.4.0/stm32cubeide/plugins/com.st.stm32cube.ide.mcu.externaltools.gnu-tools-for-stm32.7-2018-q2-update.win32_1.4.0.202007081208/tools/bin/../lib/gcc/arm-none-eabi/7.3.1/../../../../arm-none-eabi/lib/thumb/v7-m\libc_nano.a(lib_a-init.o)
 .data          0x0000000000000000        0x0 c:/program files (x86)/stm32cubeide_1.4.0/stm32cubeide/plugins/com.st.stm32cube.ide.mcu.externaltools.gnu-tools-for-stm32.7-2018-q2-update.win32_1.4.0.202007081208/tools/bin/../lib/gcc/arm-none-eabi/7.3.1/../../../../arm-none-eabi/lib/thumb/v7-m\libc_nano.a(lib_a-init.o)
 .bss           0x0000000000000000        0x0 c:/program files (x86)/stm32cubeide_1.4.0/stm32cubeide/plugins/com.st.stm32cube.ide.mcu.externaltools.gnu-tools-for-stm32.7-2018-q2-update.win32_1.4.0.202007081208/tools/bin/../lib/gcc/arm-none-eabi/7.3.1/../../../../arm-none-eabi/lib/thumb/v7-m\libc_nano.a(lib_a-init.o)
 .text          0x0000000000000000        0x0 c:/program files (x86)/stm32cubeide_1.4.0/stm32cubeide/plugins/com.st.stm32cube.ide.mcu.externaltools.gnu-tools-for-stm32.7-2018-q2-update.win32_1.4.0.202007081208/tools/bin/../lib/gcc/arm-none-eabi/7.3.1/../../../../arm-none-eabi/lib/thumb/v7-m\libc_nano.a(lib_a-memset.o)
 .data          0x0000000000000000        0x0 c:/program files (x86)/stm32cubeide_1.4.0/stm32cubeide/plugins/com.st.stm32cube.ide.mcu.externaltools.gnu-tools-for-stm32.7-2018-q2-update.win32_1.4.0.202007081208/tools/bin/../lib/gcc/arm-none-eabi/7.3.1/../../../../arm-none-eabi/lib/thumb/v7-m\libc_nano.a(lib_a-memset.o)
 .bss           0x0000000000000000        0x0 c:/program files (x86)/stm32cubeide_1.4.0/stm32cubeide/plugins/com.st.stm32cube.ide.mcu.externaltools.gnu-tools-for-stm32.7-2018-q2-update.win32_1.4.0.202007081208/tools/bin/../lib/gcc/arm-none-eabi/7.3.1/../../../../arm-none-eabi/lib/thumb/v7-m\libc_nano.a(lib_a-memset.o)
 .text.memset   0x0000000000000000       0x10 c:/program files (x86)/stm32cubeide_1.4.0/stm32cubeide/plugins/com.st.stm32cube.ide.mcu.externaltools.gnu-tools-for-stm32.7-2018-q2-update.win32_1.4.0.202007081208/tools/bin/../lib/gcc/arm-none-eabi/7.3.1/../../../../arm-none-eabi/lib/thumb/v7-m\libc_nano.a(lib_a-memset.o)
 .debug_frame   0x0000000000000000       0x20 c:/program files (x86)/stm32cubeide_1.4.0/stm32cubeide/plugins/com.st.stm32cube.ide.mcu.externaltools.gnu-tools-for-stm32.7-2018-q2-update.win32_1.4.0.202007081208/tools/bin/../lib/gcc/arm-none-eabi/7.3.1/../../../../arm-none-eabi/lib/thumb/v7-m\libc_nano.a(lib_a-memset.o)
 .ARM.attributes
                0x0000000000000000       0x2d c:/program files (x86)/stm32cubeide_1.4.0/stm32cubeide/plugins/com.st.stm32cube.ide.mcu.externaltools.gnu-tools-for-stm32.7-2018-q2-update.win32_1.4.0.202007081208/tools/bin/../lib/gcc/arm-none-eabi/7.3.1/../../../../arm-none-eabi/lib/thumb/v7-m\libc_nano.a(lib_a-memset.o)
 .text          0x0000000000000000        0x0 c:/program files (x86)/stm32cubeide_1.4.0/stm32cubeide/plugins/com.st.stm32cube.ide.mcu.externaltools.gnu-tools-for-stm32.7-2018-q2-update.win32_1.4.0.202007081208/tools/bin/../lib/gcc/arm-none-eabi/7.3.1/thumb/v7-m/crtend.o
 .data          0x0000000000000000        0x0 c:/program files (x86)/stm32cubeide_1.4.0/stm32cubeide/plugins/com.st.stm32cube.ide.mcu.externaltools.gnu-tools-for-stm32.7-2018-q2-update.win32_1.4.0.202007081208/tools/bin/../lib/gcc/arm-none-eabi/7.3.1/thumb/v7-m/crtend.o
 .bss           0x0000000000000000        0x0 c:/program files (x86)/stm32cubeide_1.4.0/stm32cubeide/plugins/com.st.stm32cube.ide.mcu.externaltools.gnu-tools-for-stm32.7-2018-q2-update.win32_1.4.0.202007081208/tools/bin/../lib/gcc/arm-none-eabi/7.3.1/thumb/v7-m/crtend.o
 .eh_frame      0x0000000000000000        0x4 c:/program files (x86)/stm32cubeide_1.4.0/stm32cubeide/plugins/com.st.stm32cube.ide.mcu.externaltools.gnu-tools-for-stm32.7-2018-q2-update.win32_1.4.0.202007081208/tools/bin/../lib/gcc/arm-none-eabi/7.3.1/thumb/v7-m/crtend.o
 .ARM.attributes
                0x0000000000000000       0x2d c:/program files (x86)/stm32cubeide_1.4.0/stm32cubeide/plugins/com.st.stm32cube.ide.mcu.externaltools.gnu-tools-for-stm32.7-2018-q2-update.win32_1.4.0.202007081208/tools/bin/../lib/gcc/arm-none-eabi/7.3.1/thumb/v7-m/crtend.o
 .text          0x0000000000000000        0x0 c:/program files (x86)/stm32cubeide_1.4.0/stm32cubeide/plugins/com.st.stm32cube.ide.mcu.externaltools.gnu-tools-for-stm32.7-2018-q2-update.win32_1.4.0.202007081208/tools/bin/../lib/gcc/arm-none-eabi/7.3.1/thumb/v7-m/crtn.o
 .data          0x0000000000000000        0x0 c:/program files (x86)/stm32cubeide_1.4.0/stm32cubeide/plugins/com.st.stm32cube.ide.mcu.externaltools.gnu-tools-for-stm32.7-2018-q2-update.win32_1.4.0.202007081208/tools/bin/../lib/gcc/arm-none-eabi/7.3.1/thumb/v7-m/crtn.o
 .bss           0x0000000000000000        0x0 c:/program files (x86)/stm32cubeide_1.4.0/stm32cubeide/plugins/com.st.stm32cube.ide.mcu.externaltools.gnu-tools-for-stm32.7-2018-q2-update.win32_1.4.0.202007081208/tools/bin/../lib/gcc/arm-none-eabi/7.3.1/thumb/v7-m/crtn.o

Memory Configuration

Name             Origin             Length             Attributes
RAM              0x0000000020000000 0x0000000000002800 xrw
ROM              0x0000000008000000 0x0000000000008000 xr
*default*        0x0000000000000000 0xffffffffffffffff

Linker script and memory map

LOAD c:/program files (x86)/stm32cubeide_1.4.0/stm32cubeide/plugins/com.st.stm32cube.ide.mcu.externaltools.gnu-tools-for-stm32.7-2018-q2-update.win32_1.4.0.202007081208/tools/bin/../lib/gcc/arm-none-eabi/7.3.1/thumb/v7-m/crti.o
LOAD c:/program files (x86)/stm32cubeide_1.4.0/stm32cubeide/plugins/com.st.stm32cube.ide.mcu.externaltools.gnu-tools-for-stm32.7-2018-q2-update.win32_1.4.0.202007081208/tools/bin/../lib/gcc/arm-none-eabi/7.3.1/thumb/v7-m/crtbegin.o
LOAD c:/program files (x86)/stm32cubeide_1.4.0/stm32cubeide/plugins/com.st.stm32cube.ide.mcu.externaltools.gnu-tools-for-stm32.7-2018-q2-update.win32_1.4.0.202007081208/tools/bin/../lib/gcc/arm-none-eabi/7.3.1/../../../../arm-none-eabi/lib/thumb/v7-m/crt0.o
LOAD HAL/keypad.o
LOAD HAL/lcd.o
LOAD STM32_103C6_Drivers/EXTI_DRIVER_STM32F103C6.o
LOAD STM32_103C6_Drivers/GPIO_DRIVER_STM32F103C6.o
LOAD STM32_103C6_Drivers/RCC_DRIVER_STM32F103C6.o
LOAD STM32_103C6_Drivers/USART_DRIVER_STM32F103C6.o
LOAD Src/main.o
LOAD Src/syscalls.o
LOAD Src/sysmem.o
LOAD Startup/startup_stm32f103c6tx.o
START GROUP
LOAD c:/program files (x86)/stm32cubeide_1.4.0/stm32cubeide/plugins/com.st.stm32cube.ide.mcu.externaltools.gnu-tools-for-stm32.7-2018-q2-update.win32_1.4.0.202007081208/tools/bin/../lib/gcc/arm-none-eabi/7.3.1/../../../../arm-none-eabi/lib/thumb/v7-m\libc_nano.a
LOAD c:/program files (x86)/stm32cubeide_1.4.0/stm32cubeide/plugins/com.st.stm32cube.ide.mcu.externaltools.gnu-tools-for-stm32.7-2018-q2-update.win32_1.4.0.202007081208/tools/bin/../lib/gcc/arm-none-eabi/7.3.1/../../../../arm-none-eabi/lib/thumb/v7-m\libm.a
END GROUP
START GROUP
LOAD c:/program files (x86)/stm32cubeide_1.4.0/stm32cubeide/plugins/com.st.stm32cube.ide.mcu.externaltools.gnu-tools-for-stm32.7-2018-q2-update.win32_1.4.0.202007081208/tools/bin/../lib/gcc/arm-none-eabi/7.3.1/thumb/v7-m\libgcc.a
LOAD c:/program files (x86)/stm32cubeide_1.4.0/stm32cubeide/plugins/com.st.stm32cube.ide.mcu.externaltools.gnu-tools-for-stm32.7-2018-q2-update.win32_1.4.0.202007081208/tools/bin/../lib/gcc/arm-none-eabi/7.3.1/../../../../arm-none-eabi/lib/thumb/v7-m\libg_nano.a
LOAD c:/program files (x86)/stm32cubeide_1.4.0/stm32cubeide/plugins/com.st.stm32cube.ide.mcu.externaltools.gnu-tools-for-stm32.7-2018-q2-update.win32_1.4.0.202007081208/tools/bin/../lib/gcc/arm-none-eabi/7.3.1/../../../../arm-none-eabi/lib/thumb/v7-m\libc_nano.a
END GROUP
START GROUP
LOAD c:/program files (x86)/stm32cubeide_1.4.0/stm32cubeide/plugins/com.st.stm32cube.ide.mcu.externaltools.gnu-tools-for-stm32.7-2018-q2-update.win32_1.4.0.202007081208/tools/bin/../lib/gcc/arm-none-eabi/7.3.1/thumb/v7-m\libgcc.a
LOAD c:/program files (x86)/stm32cubeide_1.4.0/stm32cubeide/plugins/com.st.stm32cube.ide.mcu.externaltools.gnu-tools-for-stm32.7-2018-q2-update.win32_1.4.0.202007081208/tools/bin/../lib/gcc/arm-none-eabi/7.3.1/../../../../arm-none-eabi/lib/thumb/v7-m\libc_nano.a
LOAD c:/program files (x86)/stm32cubeide_1.4.0/stm32cubeide/plugins/com.st.stm32cube.ide.mcu.externaltools.gnu-tools-for-stm32.7-2018-q2-update.win32_1.4.0.202007081208/tools/bin/../lib/gcc/arm-none-eabi/7.3.1/../../../../arm-none-eabi/lib/thumb/v7-m\libnosys.a
END GROUP
START GROUP
LOAD c:/program files (x86)/stm32cubeide_1.4.0/stm32cubeide/plugins/com.st.stm32cube.ide.mcu.externaltools.gnu-tools-for-stm32.7-2018-q2-update.win32_1.4.0.202007081208/tools/bin/../lib/gcc/arm-none-eabi/7.3.1/thumb/v7-m\libgcc.a
LOAD c:/program files (x86)/stm32cubeide_1.4.0/stm32cubeide/plugins/com.st.stm32cube.ide.mcu.externaltools.gnu-tools-for-stm32.7-2018-q2-update.win32_1.4.0.202007081208/tools/bin/../lib/gcc/arm-none-eabi/7.3.1/../../../../arm-none-eabi/lib/thumb/v7-m\libc_nano.a
LOAD c:/program files (x86)/stm32cubeide_1.4.0/stm32cubeide/plugins/com.st.stm32cube.ide.mcu.externaltools.gnu-tools-for-stm32.7-2018-q2-update.win32_1.4.0.202007081208/tools/bin/../lib/gcc/arm-none-eabi/7.3.1/../../../../arm-none-eabi/lib/thumb/v7-m\libnosys.a
END GROUP
LOAD c:/program files (x86)/stm32cubeide_1.4.0/stm32cubeide/plugins/com.st.stm32cube.ide.mcu.externaltools.gnu-tools-for-stm32.7-2018-q2-update.win32_1.4.0.202007081208/tools/bin/../lib/gcc/arm-none-eabi/7.3.1/thumb/v7-m/crtend.o
LOAD c:/program files (x86)/stm32cubeide_1.4.0/stm32cubeide/plugins/com.st.stm32cube.ide.mcu.externaltools.gnu-tools-for-stm32.7-2018-q2-update.win32_1.4.0.202007081208/tools/bin/../lib/gcc/arm-none-eabi/7.3.1/thumb/v7-m/crtn.o
                0x0000000020002800                _estack = (ORIGIN (RAM) + LENGTH (RAM))
                0x0000000000000200                _Min_Heap_Size = 0x200
                0x0000000000000400                _Min_Stack_Size = 0x400

.isr_vector     0x0000000008000000      0x130
                0x0000000008000000                . = ALIGN (0x4)
 *(.isr_vector)
 .isr_vector    0x0000000008000000      0x130 Startup/startup_stm32f103c6tx.o
                0x0000000008000000                g_pfnVectors
                0x0000000008000130                . = ALIGN (0x4)

.text           0x0000000008000130      0x994
                0x0000000008000130                . = ALIGN (0x4)
 *(.text)
 .text          0x0000000008000130       0x40 c:/program files (x86)/stm32cubeide_1.4.0/stm32cubeide/plugins/com.st.stm32cube.ide.mcu.externaltools.gnu-tools-for-stm32.7-2018-q2-update.win32_1.4.0.202007081208/tools/bin/../lib/gcc/arm-none-eabi/7.3.1/thumb/v7-m/crtbegin.o
 *(.text*)
 .text.EXTI0_IRQHandler
                0x0000000008000170       0x24 STM32_103C6_Drivers/EXTI_DRIVER_STM32F103C6.o
                0x0000000008000170                EXTI0_IRQHandler
 .text.EXTI1_IRQHandler
                0x0000000008000194       0x24 STM32_103C6_Drivers/EXTI_DRIVER_STM32F103C6.o
                0x0000000008000194                EXTI1_IRQHandler
 .text.EXTI2_IRQHandler
                0x00000000080001b8       0x24 STM32_103C6_Drivers/EXTI_DRIVER_STM32F103C6.o
                0x00000000080001b8                EXTI2_IRQHandler
 .text.EXTI3_IRQHandler
                0x00000000080001dc       0x24 STM32_103C6_Drivers/EXTI_DRIVER_STM32F103C6.o
                0x00000000080001dc                EXTI3_IRQHandler
 .text.EXTI4_IRQHandler
                0x0000000008000200       0x24 STM32_103C6_Drivers/EXTI_DRIVER_STM32F103C6.o
                0x0000000008000200                EXTI4_IRQHandler
 .text.EXTI9_5_IRQHandler
                0x0000000008000224       0xa8 STM32_103C6_Drivers/EXTI_DRIVER_STM32F103C6.o
                0x0000000008000224                EXTI9_5_IRQHandler
 .text.EXTI15_10_IRQHandler
                0x00000000080002cc       0xc4 STM32_103C6_Drivers/EXTI_DRIVER_STM32F103C6.o
                0x00000000080002cc                EXTI15_10_IRQHandler
 .text.Get_CRLH_Position
                0x0000000008000390       0xc6 STM32_103C6_Drivers/GPIO_DRIVER_STM32F103C6.o
                0x0000000008000390                Get_CRLH_Position
 .text.MCAL_GPIO_Init
                0x0000000008000456      0x154 STM32_103C6_Drivers/GPIO_DRIVER_STM32F103C6.o
                0x0000000008000456                MCAL_GPIO_Init
 *fill*         0x00000000080005aa        0x2 
 .text.MCAL_RCC_Get_System_CLK_Frequency
                0x00000000080005ac       0x3c STM32_103C6_Drivers/RCC_DRIVER_STM32F103C6.o
                0x00000000080005ac                MCAL_RCC_Get_System_CLK_Frequency
 .text.MCAL_RCC_Get_HCLK_Frequency
                0x00000000080005e8       0x28 STM32_103C6_Drivers/RCC_DRIVER_STM32F103C6.o
                0x00000000080005e8                MCAL_RCC_Get_HCLK_Frequency
 .text.MCAL_RCC_Get_PCLK1_Frequency
                0x0000000008000610       0x28 STM32_103C6_Drivers/RCC_DRIVER_STM32F103C6.o
                0x0000000008000610                MCAL_RCC_Get_PCLK1_Frequency
 .text.MCAL_RCC_Get_PCLK2_Frequency
                0x0000000008000638       0x28 STM32_103C6_Drivers/RCC_DRIVER_STM32F103C6.o
                0x0000000008000638                MCAL_RCC_Get_PCLK2_Frequency
 .text.MCAL_UART_Init
                0x0000000008000660      0x184 STM32_103C6_Drivers/USART_DRIVER_STM32F103C6.o
                0x0000000008000660                MCAL_UART_Init
 .text.MCAL_UART_GPIO_Set_Pins
                0x00000000080007e4       0xcc STM32_103C6_Drivers/USART_DRIVER_STM32F103C6.o
                0x00000000080007e4                MCAL_UART_GPIO_Set_Pins
 .text.MCAL_UART_Send_Data
                0x00000000080008b0       0x36 STM32_103C6_Drivers/USART_DRIVER_STM32F103C6.o
                0x00000000080008b0                MCAL_UART_Send_Data
 *fill*         0x00000000080008e6        0x2 
 .text.MCAL_UART_Receive_Data
                0x00000000080008e8       0x5c STM32_103C6_Drivers/USART_DRIVER_STM32F103C6.o
                0x00000000080008e8                MCAL_UART_Receive_Data
 .text.USART1_IRQHandler
                0x0000000008000944       0x14 STM32_103C6_Drivers/USART_DRIVER_STM32F103C6.o
                0x0000000008000944                USART1_IRQHandler
 .text.USART2_IRQHandler
                0x0000000008000958       0x14 STM32_103C6_Drivers/USART_DRIVER_STM32F103C6.o
                0x0000000008000958                USART2_IRQHandler
 .text.USART3_IRQHandler
                0x000000000800096c       0x14 STM32_103C6_Drivers/USART_DRIVER_STM32F103C6.o
                0x000000000800096c                USART3_IRQHandler
 .text.Clock_init
                0x0000000008000980       0x34 Src/main.o
                0x0000000008000980                Clock_init
 .text.main     0x00000000080009b4       0x5c Src/main.o
                0x00000000080009b4                main
 .text.Reset_Handler
                0x0000000008000a10       0x50 Startup/startup_stm32f103c6tx.o
                0x0000000008000a10                Reset_Handler
 .text.Default_Handler
                0x0000000008000a60        0x2 Startup/startup_stm32f103c6tx.o
                0x0000000008000a60                TIM8_TRG_COM_IRQHandler
                0x0000000008000a60                TIM8_CC_IRQHandler
                0x0000000008000a60                DebugMon_Handler
                0x0000000008000a60                TIM1_CC_IRQHandler
                0x0000000008000a60                HardFault_Handler
                0x0000000008000a60                TIM6_IRQHandler
                0x0000000008000a60                SysTick_Handler
                0x0000000008000a60                PVD_IRQHandler
                0x0000000008000a60                SDIO_IRQHandler
                0x0000000008000a60                PendSV_Handler
                0x0000000008000a60                NMI_Handler
                0x0000000008000a60                USB_HP_CAN_TX_IRQHandler
                0x0000000008000a60                I2C2_EV_IRQHandler
                0x0000000008000a60                UsageFault_Handler
                0x0000000008000a60                ADC1_2_IRQHandler
                0x0000000008000a60                SPI1_IRQHandler
                0x0000000008000a60                CAN_SCE_IRQHandler
                0x0000000008000a60                TAMPER_IRQHandler
                0x0000000008000a60                TIM8_UP_IRQHandler
                0x0000000008000a60                DMA2_Channel2_IRQHandler
                0x0000000008000a60                DMA1_Channel4_IRQHandler
                0x0000000008000a60                RTC_IRQHandler
                0x0000000008000a60                DMA1_Channel7_IRQHandler
                0x0000000008000a60                UART5_IRQHandler
                0x0000000008000a60                ADC3_IRQHandler
                0x0000000008000a60                TIM4_IRQHandler
                0x0000000008000a60                CAN_RX1_IRQHandler
                0x0000000008000a60                DMA2_Channel1_IRQHandler
                0x0000000008000a60                I2C1_EV_IRQHandler
                0x0000000008000a60                DMA1_Channel6_IRQHandler
                0x0000000008000a60                UART4_IRQHandler
                0x0000000008000a60                TIM3_IRQHandler
                0x0000000008000a60                RCC_IRQHandler
                0x0000000008000a60                TIM1_TRG_COM_IRQHandler
                0x0000000008000a60                DMA1_Channel1_IRQHandler
                0x0000000008000a60                Default_Handler
                0x0000000008000a60                TIM7_IRQHandler
                0x0000000008000a60                TIM5_IRQHandler
                0x0000000008000a60                SPI2_IRQHandler
                0x0000000008000a60                USB_LP_CAN_RX0_IRQHandler
                0x0000000008000a60                MemManage_Handler
                0x0000000008000a60                SVC_Handler
                0x0000000008000a60                DMA1_Channel5_IRQHandler
                0x0000000008000a60                DMA1_Channel3_IRQHandler
                0x0000000008000a60                FSMC_IRQHandler
                0x0000000008000a60                TIM1_UP_IRQHandler
                0x0000000008000a60                WWDG_IRQHandler
                0x0000000008000a60                TIM2_IRQHandler
                0x0000000008000a60                TIM1_BRK_IRQHandler
                0x0000000008000a60                RTCAlarm_IRQHandler
                0x0000000008000a60                DMA2_Channel4_5_IRQHandler
                0x0000000008000a60                I2C2_ER_IRQHandler
                0x0000000008000a60                DMA1_Channel2_IRQHandler
                0x0000000008000a60                TIM8_BRK_IRQHandler
                0x0000000008000a60                FLASH_IRQHandler
                0x0000000008000a60                BusFault_Handler
                0x0000000008000a60                SPI3_IRQHandler
                0x0000000008000a60                I2C1_ER_IRQHandler
                0x0000000008000a60                DMA2_Channel3_IRQHandler
 *fill*         0x0000000008000a62        0x2 
 .text.__libc_init_array
                0x0000000008000a64       0x48 c:/program files (x86)/stm32cubeide_1.4.0/stm32cubeide/plugins/com.st.stm32cube.ide.mcu.externaltools.gnu-tools-for-stm32.7-2018-q2-update.win32_1.4.0.202007081208/tools/bin/../lib/gcc/arm-none-eabi/7.3.1/../../../../arm-none-eabi/lib/thumb/v7-m\libc_nano.a(lib_a-init.o)
                0x0000000008000a64                __libc_init_array
 *(.glue_7)
 .glue_7        0x0000000008000aac        0x0 linker stubs
 *(.glue_7t)
 .glue_7t       0x0000000008000aac        0x0 linker stubs
 *(.eh_frame)
 .eh_frame      0x0000000008000aac        0x0 c:/program files (x86)/stm32cubeide_1.4.0/stm32cubeide/plugins/com.st.stm32cube.ide.mcu.externaltools.gnu-tools-for-stm32.7-2018-q2-update.win32_1.4.0.202007081208/tools/bin/../lib/gcc/arm-none-eabi/7.3.1/thumb/v7-m/crtbegin.o
 *(.init)
 .init          0x0000000008000aac        0x4 c:/program files (x86)/stm32cubeide_1.4.0/stm32cubeide/plugins/com.st.stm32cube.ide.mcu.externaltools.gnu-tools-for-stm32.7-2018-q2-update.win32_1.4.0.202007081208/tools/bin/../lib/gcc/arm-none-eabi/7.3.1/thumb/v7-m/crti.o
                0x0000000008000aac                _init
 .init          0x0000000008000ab0        0x8 c:/program files (x86)/stm32cubeide_1.4.0/stm32cubeide/plugins/com.st.stm32cube.ide.mcu.externaltools.gnu-tools-for-stm32.7-2018-q2-update.win32_1.4.0.202007081208/tools/bin/../lib/gcc/arm-none-eabi/7.3.1/thumb/v7-m/crtn.o
 *(.fini)
 .fini          0x0000000008000ab8        0x4 c:/program files (x86)/stm32cubeide_1.4.0/stm32cubeide/plugins/com.st.stm32cube.ide.mcu.externaltools.gnu-tools-for-stm32.7-2018-q2-update.win32_1.4.0.202007081208/tools/bin/../lib/gcc/arm-none-eabi/7.3.1/thumb/v7-m/crti.o
                0x0000000008000ab8                _fini
 .fini          0x0000000008000abc        0x8 c:/program files (x86)/stm32cubeide_1.4.0/stm32cubeide/plugins/com.st.stm32cube.ide.mcu.externaltools.gnu-tools-for-stm32.7-2018-q2-update.win32_1.4.0.202007081208/tools/bin/../lib/gcc/arm-none-eabi/7.3.1/thumb/v7-m/crtn.o
                0x0000000008000ac4                . = ALIGN (0x4)
                0x0000000008000ac4                _etext = .

.vfp11_veneer   0x0000000008000ac4        0x0
 .vfp11_veneer  0x0000000008000ac4        0x0 linker stubs

.v4_bx          0x0000000008000ac4        0x0
 .v4_bx         0x0000000008000ac4        0x0 linker stubs

.iplt           0x0000000008000ac4        0x0
 .iplt          0x0000000008000ac4        0x0 c:/program files (x86)/stm32cubeide_1.4.0/stm32cubeide/plugins/com.st.stm32cube.ide.mcu.externaltools.gnu-tools-for-stm32.7-2018-q2-update.win32_1.4.0.202007081208/tools/bin/../lib/gcc/arm-none-eabi/7.3.1/thumb/v7-m/crtbegin.o

.rodata         0x0000000008000ac4       0x18
                0x0000000008000ac4                . = ALIGN (0x4)
 *(.rodata)
 *(.rodata*)
 .rodata.APB_prescaler_Table
                0x0000000008000ac4        0x8 STM32_103C6_Drivers/RCC_DRIVER_STM32F103C6.o
                0x0000000008000ac4                APB_prescaler_Table
 .rodata.AHB_prescaler_Table
                0x0000000008000acc       0x10 STM32_103C6_Drivers/RCC_DRIVER_STM32F103C6.o
                0x0000000008000acc                AHB_prescaler_Table
                0x0000000008000adc                . = ALIGN (0x4)

.rel.dyn        0x0000000008000adc        0x0
 .rel.iplt      0x0000000008000adc        0x0 c:/program files (x86)/stm32cubeide_1.4.0/stm32cubeide/plugins/com.st.stm32cube.ide.mcu.externaltools.gnu-tools-for-stm32.7-2018-q2-update.win32_1.4.0.202007081208/tools/bin/../lib/gcc/arm-none-eabi/7.3.1/thumb/v7-m/crtbegin.o

.ARM.extab      0x0000000008000adc        0x0
                0x0000000008000adc                . = ALIGN (0x4)
 *(.ARM.extab* .gnu.linkonce.armextab.*)
                0x0000000008000adc                . = ALIGN (0x4)

.ARM            0x0000000008000adc        0x0
                0x0000000008000adc                . = ALIGN (0x4)
                0x0000000008000adc                __exidx_start = .
 *(.ARM.exidx*)
                0x0000000008000adc                __exidx_end = .
                0x0000000008000adc                . = ALIGN (0x4)

.preinit_array  0x0000000008000adc        0x0
                0x0000000008000adc                . = ALIGN (0x4)
                0x0000000008000adc                PROVIDE (__preinit_array_start = .)
 *(.preinit_array*)
                0x0000000008000adc                PROVIDE (__preinit_array_end = .)
                0x0000000008000adc                . = ALIGN (0x4)

.init_array     0x0000000008000adc        0x4
                0x0000000008000adc                . = ALIGN (0x4)
                0x0000000008000adc                PROVIDE (__init_array_start = .)
 *(SORT_BY_NAME(.init_array.*))
 *(.init_array*)
 .init_array    0x0000000008000adc        0x4 c:/program files (x86)/stm32cubeide_1.4.0/stm32cubeide/plugins/com.st.stm32cube.ide.mcu.externaltools.gnu-tools-for-stm32.7-2018-q2-update.win32_1.4.0.202007081208/tools/bin/../lib/gcc/arm-none-eabi/7.3.1/thumb/v7-m/crtbegin.o
                0x0000000008000ae0                PROVIDE (__init_array_end = .)
                0x0000000008000ae0                . = ALIGN (0x4)

.fini_array     0x0000000008000ae0        0x4
                0x0000000008000ae0                . = ALIGN (0x4)
                [!provide]                        PROVIDE (__fini_array_start = .)
 *(SORT_BY_NAME(.fini_array.*))
 *(.fini_array*)
 .fini_array    0x0000000008000ae0        0x4 c:/program files (x86)/stm32cubeide_1.4.0/stm32cubeide/plugins/com.st.stm32cube.ide.mcu.externaltools.gnu-tools-for-stm32.7-2018-q2-update.win32_1.4.0.202007081208/tools/bin/../lib/gcc/arm-none-eabi/7.3.1/thumb/v7-m/crtbegin.o
                [!provide]                        PROVIDE (__fini_array_end = .)
                0x0000000008000ae4                . = ALIGN (0x4)
                0x0000000008000ae4                _sidata = LOADADDR (.data)

.data           0x0000000020000000        0x0 load address 0x0000000008000ae4
                0x0000000020000000                . = ALIGN (0x4)
                0x0000000020000000                _sdata = .
 *(.data)
 *(.data*)
                0x0000000020000000                . = ALIGN (0x4)
                0x0000000020000000                _edata = .

.igot.plt       0x0000000020000000        0x0 load address 0x0000000008000ae4
 .igot.plt      0x0000000020000000        0x0 c:/program files (x86)/stm32cubeide_1.4.0/stm32cubeide/plugins/com.st.stm32cube.ide.mcu.externaltools.gnu-tools-for-stm32.7-2018-q2-update.win32_1.4.0.202007081208/tools/bin/../lib/gcc/arm-none-eabi/7.3.1/thumb/v7-m/crtbegin.o
                0x0000000020000000                . = ALIGN (0x4)

.bss            0x0000000020000000       0x60 load address 0x0000000008000ae4
                0x0000000020000000                _sbss = .
                0x0000000020000000                __bss_start__ = _sbss
 *(.bss)
 .bss           0x0000000020000000       0x1c c:/program files (x86)/stm32cubeide_1.4.0/stm32cubeide/plugins/com.st.stm32cube.ide.mcu.externaltools.gnu-tools-for-stm32.7-2018-q2-update.win32_1.4.0.202007081208/tools/bin/../lib/gcc/arm-none-eabi/7.3.1/thumb/v7-m/crtbegin.o
 *(.bss*)
 .bss.Global_UART_Config
                0x000000002000001c        0x4 STM32_103C6_Drivers/USART_DRIVER_STM32F103C6.o
                0x000000002000001c                Global_UART_Config
 *(COMMON)
 COMMON         0x0000000020000020       0x3c STM32_103C6_Drivers/EXTI_DRIVER_STM32F103C6.o
                0x0000000020000020                GP_IRQ_CallBack
 COMMON         0x000000002000005c        0x1 Src/main.o
                0x000000002000005c                ch
                0x0000000020000060                . = ALIGN (0x4)
 *fill*         0x000000002000005d        0x3 
                0x0000000020000060                _ebss = .
                0x0000000020000060                __bss_end__ = _ebss

._user_heap_stack
                0x0000000020000060      0x600 load address 0x0000000008000ae4
                0x0000000020000060                . = ALIGN (0x8)
                [!provide]                        PROVIDE (end = .)
                0x0000000020000060                PROVIDE (_end = .)
                0x0000000020000260                . = (. + _Min_Heap_Size)
 *fill*         0x0000000020000060      0x200 
                0x0000000020000660                . = (. + _Min_Stack_Size)
 *fill*         0x0000000020000260      0x400 
                0x0000000020000660                . = ALIGN (0x8)

/DISCARD/
 libc.a(*)
 libm.a(*)
 libgcc.a(*)

.ARM.attributes
                0x0000000000000000       0x29
 *(.ARM.attributes)
 .ARM.attributes
                0x0000000000000000       0x1d c:/program files (x86)/stm32cubeide_1.4.0/stm32cubeide/plugins/com.st.stm32cube.ide.mcu.externaltools.gnu-tools-for-stm32.7-2018-q2-update.win32_1.4.0.202007081208/tools/bin/../lib/gcc/arm-none-eabi/7.3.1/thumb/v7-m/crti.o
 .ARM.attributes
                0x000000000000001d       0x2d c:/program files (x86)/stm32cubeide_1.4.0/stm32cubeide/plugins/com.st.stm32cube.ide.mcu.externaltools.gnu-tools-for-stm32.7-2018-q2-update.win32_1.4.0.202007081208/tools/bin/../lib/gcc/arm-none-eabi/7.3.1/thumb/v7-m/crtbegin.o
 .ARM.attributes
                0x000000000000004a       0x33 STM32_103C6_Drivers/EXTI_DRIVER_STM32F103C6.o
 .ARM.attributes
                0x000000000000007d       0x33 STM32_103C6_Drivers/GPIO_DRIVER_STM32F103C6.o
 .ARM.attributes
                0x00000000000000b0       0x33 STM32_103C6_Drivers/RCC_DRIVER_STM32F103C6.o
 .ARM.attributes
                0x00000000000000e3       0x33 STM32_103C6_Drivers/USART_DRIVER_STM32F103C6.o
 .ARM.attributes
                0x0000000000000116       0x33 Src/main.o
 .ARM.attributes
                0x0000000000000149       0x21 Startup/startup_stm32f103c6tx.o
 .ARM.attributes
                0x000000000000016a       0x2d c:/program files (x86)/stm32cubeide_1.4.0/stm32cubeide/plugins/com.st.stm32cube.ide.mcu.externaltools.gnu-tools-for-stm32.7-2018-q2-update.win32_1.4.0.202007081208/tools/bin/../lib/gcc/arm-none-eabi/7.3.1/../../../../arm-none-eabi/lib/thumb/v7-m\libc_nano.a(lib_a-init.o)
 .ARM.attributes
                0x0000000000000197       0x1d c:/program files (x86)/stm32cubeide_1.4.0/stm32cubeide/plugins/com.st.stm32cube.ide.mcu.externaltools.gnu-tools-for-stm32.7-2018-q2-update.win32_1.4.0.202007081208/tools/bin/../lib/gcc/arm-none-eabi/7.3.1/thumb/v7-m/crtn.o
OUTPUT(Drivers.elf elf32-littlearm)

.debug_info     0x0000000000000000     0x40d4
 .debug_info    0x0000000000000000      0xdbf STM32_103C6_Drivers/EXTI_DRIVER_STM32F103C6.o
 .debug_info    0x0000000000000dbf      0xd72 STM32_103C6_Drivers/GPIO_DRIVER_STM32F103C6.o
 .debug_info    0x0000000000001b31      0xb25 STM32_103C6_Drivers/RCC_DRIVER_STM32F103C6.o
 .debug_info    0x0000000000002656      0xe21 STM32_103C6_Drivers/USART_DRIVER_STM32F103C6.o
 .debug_info    0x0000000000003477      0xc3b Src/main.o
 .debug_info    0x00000000000040b2       0x22 Startup/startup_stm32f103c6tx.o

.debug_abbrev   0x0000000000000000      0xa01
 .debug_abbrev  0x0000000000000000      0x210 STM32_103C6_Drivers/EXTI_DRIVER_STM32F103C6.o
 .debug_abbrev  0x0000000000000210      0x232 STM32_103C6_Drivers/GPIO_DRIVER_STM32F103C6.o
 .debug_abbrev  0x0000000000000442      0x19b STM32_103C6_Drivers/RCC_DRIVER_STM32F103C6.o
 .debug_abbrev  0x00000000000005dd      0x23d STM32_103C6_Drivers/USART_DRIVER_STM32F103C6.o
 .debug_abbrev  0x000000000000081a      0x1d5 Src/main.o
 .debug_abbrev  0x00000000000009ef       0x12 Startup/startup_stm32f103c6tx.o

.debug_loc      0x0000000000000000      0xa28
 .debug_loc     0x0000000000000000      0x320 STM32_103C6_Drivers/EXTI_DRIVER_STM32F103C6.o
 .debug_loc     0x0000000000000320      0x330 STM32_103C6_Drivers/GPIO_DRIVER_STM32F103C6.o
 .debug_loc     0x0000000000000650       0xc8 STM32_103C6_Drivers/RCC_DRIVER_STM32F103C6.o
 .debug_loc     0x0000000000000718      0x294 STM32_103C6_Drivers/USART_DRIVER_STM32F103C6.o
 .debug_loc     0x00000000000009ac       0x7c Src/main.o

.debug_aranges  0x0000000000000000      0x1c8
 .debug_aranges
                0x0000000000000000       0x80 STM32_103C6_Drivers/EXTI_DRIVER_STM32F103C6.o
 .debug_aranges
                0x0000000000000080       0x60 STM32_103C6_Drivers/GPIO_DRIVER_STM32F103C6.o
 .debug_aranges
                0x00000000000000e0       0x38 STM32_103C6_Drivers/RCC_DRIVER_STM32F103C6.o
 .debug_aranges
                0x0000000000000118       0x60 STM32_103C6_Drivers/USART_DRIVER_STM32F103C6.o
 .debug_aranges
                0x0000000000000178       0x28 Src/main.o
 .debug_aranges
                0x00000000000001a0       0x28 Startup/startup_stm32f103c6tx.o

.debug_ranges   0x0000000000000000      0x170
 .debug_ranges  0x0000000000000000       0x70 STM32_103C6_Drivers/EXTI_DRIVER_STM32F103C6.o
 .debug_ranges  0x0000000000000070       0x50 STM32_103C6_Drivers/GPIO_DRIVER_STM32F103C6.o
 .debug_ranges  0x00000000000000c0       0x28 STM32_103C6_Drivers/RCC_DRIVER_STM32F103C6.o
 .debug_ranges  0x00000000000000e8       0x50 STM32_103C6_Drivers/USART_DRIVER_STM32F103C6.o
 .debug_ranges  0x0000000000000138       0x18 Src/main.o
 .debug_ranges  0x0000000000000150       0x20 Startup/startup_stm32f103c6tx.o

.debug_macro    0x0000000000000000      0xdb6
 .debug_macro   0x0000000000000000      0x152 STM32_103C6_Drivers/EXTI_DRIVER_STM32F103C6.o
 .debug_macro   0x0000000000000152       0xd6 STM32_103C6_Drivers/EXTI_DRIVER_STM32F103C6.o
 .debug_macro   0x0000000000000228      0x217 STM32_103C6_Drivers/EXTI_DRIVER_STM32F103C6.o
 .debug_macro   0x000000000000043f      0x143 STM32_103C6_Drivers/GPIO_DRIVER_STM32F103C6.o
 .debug_macro   0x0000000000000582      0x151 STM32_103C6_Drivers/RCC_DRIVER_STM32F103C6.o
 .debug_macro   0x00000000000006d3      0x21d STM32_103C6_Drivers/RCC_DRIVER_STM32F103C6.o
 .debug_macro   0x00000000000008f0       0x10 STM32_103C6_Drivers/RCC_DRIVER_STM32F103C6.o
 .debug_macro   0x0000000000000900      0x15a STM32_103C6_Drivers/USART_DRIVER_STM32F103C6.o
 .debug_macro   0x0000000000000a5a       0x16 STM32_103C6_Drivers/USART_DRIVER_STM32F103C6.o
 .debug_macro   0x0000000000000a70       0xe2 STM32_103C6_Drivers/USART_DRIVER_STM32F103C6.o
 .debug_macro   0x0000000000000b52      0x184 Src/main.o
 .debug_macro   0x0000000000000cd6       0xa0 Src/main.o
 .debug_macro   0x0000000000000d76       0x40 Src/main.o

.debug_line     0x0000000000000000     0x2775
 .debug_line    0x0000000000000000      0x882 STM32_103C6_Drivers/EXTI_DRIVER_STM32F103C6.o
 .debug_line    0x0000000000000882      0x7d2 STM32_103C6_Drivers/GPIO_DRIVER_STM32F103C6.o
 .debug_line    0x0000000000001054      0x726 STM32_103C6_Drivers/RCC_DRIVER_STM32F103C6.o
 .debug_line    0x000000000000177a      0x817 STM32_103C6_Drivers/USART_DRIVER_STM32F103C6.o
 .debug_line    0x0000000000001f91      0x760 Src/main.o
 .debug_line    0x00000000000026f1       0x84 Startup/startup_stm32f103c6tx.o

.debug_str      0x0000000000000000     0xa0a1
 .debug_str     0x0000000000000000     0x925f STM32_103C6_Drivers/EXTI_DRIVER_STM32F103C6.o
                                       0x94cf (size before relaxing)
 .debug_str     0x000000000000925f      0x16b STM32_103C6_Drivers/GPIO_DRIVER_STM32F103C6.o
                                       0x80e2 (size before relaxing)
 .debug_str     0x00000000000093ca      0x129 STM32_103C6_Drivers/RCC_DRIVER_STM32F103C6.o
                                       0x9351 (size before relaxing)
 .debug_str     0x00000000000094f3      0x85b STM32_103C6_Drivers/USART_DRIVER_STM32F103C6.o
                                       0x9b70 (size before relaxing)
 .debug_str     0x0000000000009d4e      0x322 Src/main.o
                                       0x9d50 (size before relaxing)
 .debug_str     0x000000000000a070       0x31 Startup/startup_stm32f103c6tx.o
                                         0x64 (size before relaxing)

.comment        0x0000000000000000       0x7b
 .comment       0x0000000000000000       0x7b STM32_103C6_Drivers/EXTI_DRIVER_STM32F103C6.o
                                         0x7c (size before relaxing)
 .comment       0x000000000000007b       0x7c STM32_103C6_Drivers/GPIO_DRIVER_STM32F103C6.o
 .comment       0x000000000000007b       0x7c STM32_103C6_Drivers/RCC_DRIVER_STM32F103C6.o
 .comment       0x000000000000007b       0x7c STM32_103C6_Drivers/USART_DRIVER_STM32F103C6.o
 .comment       0x000000000000007b       0x7c Src/main.o

.debug_frame    0x0000000000000000      0x574
 .debug_frame   0x0000000000000000      0x1b0 STM32_103C6_Drivers/EXTI_DRIVER_STM32F103C6.o
 .debug_frame   0x00000000000001b0      0x178 STM32_103C6_Drivers/GPIO_DRIVER_STM32F103C6.o
 .debug_frame   0x0000000000000328       0x84 STM32_103C6_Drivers/RCC_DRIVER_STM32F103C6.o
 .debug_frame   0x00000000000003ac      0x14c STM32_103C6_Drivers/USART_DRIVER_STM32F103C6.o
 .debug_frame   0x00000000000004f8       0x50 Src/main.o
 .debug_frame   0x0000000000000548       0x2c c:/program files (x86)/stm32cubeide_1.4.0/stm32cubeide/plugins/com.st.stm32cube.ide.mcu.externaltools.gnu-tools-for-stm32.7-2018-q2-update.win32_1.4.0.202007081208/tools/bin/../lib/gcc/arm-none-eabi/7.3.1/../../../../arm-none-eabi/lib/thumb/v7-m\libc_nano.a(lib_a-init.o)
