EXTI_DRIVER_STM32F103C6.c:33:6:Enable_NVIC	16	static
EXTI_DRIVER_STM32F103C6.c:71:6:Diasble_NVIC	16	static
EXTI_DRIVER_STM32F103C6.c:111:6:Update_EXTI	24	static
EXTI_DRIVER_STM32F103C6.c:192:6:MCAL_EXTI_GPIO_Init	16	static
EXTI_DRIVER_STM32F103C6.c:209:6:MCAL_EXTI_GPIO_DeInit	4	static
EXTI_DRIVER_STM32F103C6.c:243:6:MCAL_EXTI_GPIO_Update	16	static
EXTI_DRIVER_STM32F103C6.c:256:6:EXTI0_IRQHandler	8	static
EXTI_DRIVER_STM32F103C6.c:263:6:EXTI1_IRQHandler	8	static
EXTI_DRIVER_STM32F103C6.c:270:6:EXTI2_IRQHandler	8	static
EXTI_DRIVER_STM32F103C6.c:277:6:EXTI3_IRQHandler	8	static
EXTI_DRIVER_STM32F103C6.c:284:6:EXTI4_IRQHandler	8	static
EXTI_DRIVER_STM32F103C6.c:291:6:EXTI9_5_IRQHandler	8	static
EXTI_DRIVER_STM32F103C6.c:299:6:EXTI15_10_IRQHandler	8	static
