USART_DRIVER_STM32F103C6.c:41:6:MCAL_UART_Init	24	static
USART_DRIVER_STM32F103C6.c:131:6:MCAL_UART_DeInit	16	static
USART_DRIVER_STM32F103C6.c:151:16:Which_UART	16	static
USART_DRIVER_STM32F103C6.c:179:6:MCAL_UART_GPIO_Set_Pins	24	static
USART_DRIVER_STM32F103C6.c:316:6:MCAL_UART_Send_Data	32	static
USART_DRIVER_STM32F103C6.c:356:6:MCAL_UART_Receive_Data	32	static
USART_DRIVER_STM32F103C6.c:421:6:MCAL_UART_Wait_Transmit_Complete	16	static
USART_DRIVER_STM32F103C6.c:431:6:USART1_IRQHandler	8	static
USART_DRIVER_STM32F103C6.c:437:6:USART2_IRQHandler	8	static
USART_DRIVER_STM32F103C6.c:444:6:USART3_IRQHandler	8	static
