USART_DRIVER_STM32F103C6.c:47:6:MCAL_UART_Init	24	static
USART_DRIVER_STM32F103C6.c:133:6:MCAL_UART_DeInit	16	static
USART_DRIVER_STM32F103C6.c:163:6:MCAL_UART_GPIO_Set_Pins	24	static
USART_DRIVER_STM32F103C6.c:303:6:MCAL_UART_Send_Data	24	static
USART_DRIVER_STM32F103C6.c:342:6:MCAL_UART_Receive_Data	24	static
USART_DRIVER_STM32F103C6.c:411:6:MCAL_UART_Wait_Transmit_Complete	16	static
USART_DRIVER_STM32F103C6.c:421:6:USART1_IRQHandler	8	static
USART_DRIVER_STM32F103C6.c:427:6:USART2_IRQHandler	8	static
USART_DRIVER_STM32F103C6.c:434:6:USART3_IRQHandler	8	static
